Component: ARM Compiler 5.06 update 6 (build 750) Tool: armlink [4d35ed]

==============================================================================

Section Cross References

    startup_stm32f103xb.o(RESET) refers to startup_stm32f103xb.o(STACK) for __initial_sp
    startup_stm32f103xb.o(RESET) refers to startup_stm32f103xb.o(.text) for Reset_Handler
    startup_stm32f103xb.o(RESET) refers to stm32f1xx_it.o(i.NMI_Handler) for NMI_Handler
    startup_stm32f103xb.o(RESET) refers to stm32f1xx_it.o(i.HardFault_Handler) for HardFault_Handler
    startup_stm32f103xb.o(RESET) refers to stm32f1xx_it.o(i.MemManage_Handler) for MemManage_Handler
    startup_stm32f103xb.o(RESET) refers to stm32f1xx_it.o(i.BusFault_Handler) for BusFault_Handler
    startup_stm32f103xb.o(RESET) refers to stm32f1xx_it.o(i.UsageFault_Handler) for UsageFault_Handler
    startup_stm32f103xb.o(RESET) refers to stm32f1xx_it.o(i.SVC_Handler) for SVC_Handler
    startup_stm32f103xb.o(RESET) refers to stm32f1xx_it.o(i.DebugMon_Handler) for DebugMon_Handler
    startup_stm32f103xb.o(RESET) refers to stm32f1xx_it.o(i.PendSV_Handler) for PendSV_Handler
    startup_stm32f103xb.o(RESET) refers to stm32f1xx_it.o(i.TIM1_UP_IRQHandler) for TIM1_UP_IRQHandler
    startup_stm32f103xb.o(.text) refers to system_stm32f1xx.o(i.SystemInit) for SystemInit
    startup_stm32f103xb.o(.text) refers to entry.o(.ARM.Collect$$$$00000000) for __main
    main_activity.o(i.fputc) refers to stm32f1xx_hal_uart.o(i.HAL_UART_Transmit) for HAL_UART_Transmit
    main_activity.o(i.fputc) refers to main.o(.bss) for huart1
    main_activity.o(i.ftoa) refers to ffixi.o(.text) for __aeabi_f2iz
    main_activity.o(i.ftoa) refers to fflti.o(.text) for __aeabi_i2f
    main_activity.o(i.ftoa) refers to fadd.o(.text) for __aeabi_frsub
    main_activity.o(i.ftoa) refers to main_activity.o(i.intToStr) for intToStr
    main_activity.o(i.ftoa) refers to dflti.o(.text) for __aeabi_i2d
    main_activity.o(i.ftoa) refers to pow.o(i.pow) for pow
    main_activity.o(i.ftoa) refers to f2d.o(.text) for __aeabi_f2d
    main_activity.o(i.ftoa) refers to dmul.o(.text) for __aeabi_dmul
    main_activity.o(i.ftoa) refers to d2f.o(.text) for __aeabi_d2f
    main_activity.o(i.get_adc) refers to ads1220.o(i.ADS1220_Read_WaitForData) for ADS1220_Read_WaitForData
    main_activity.o(i.get_adc) refers to ads1220.o(i.ADS1220_convertToMilliV) for ADS1220_convertToMilliV
    main_activity.o(i.get_adc) refers to f2d.o(.text) for __aeabi_f2d
    main_activity.o(i.get_adc) refers to printfa.o(i.__0printf) for __2printf
    main_activity.o(i.get_adc) refers to main_activity.o(.data) for .data
    main_activity.o(i.init_system) refers to ssd1306.o(i.ssd1306_Init) for ssd1306_Init
    main_activity.o(i.init_system) refers to ssd1306.o(i.ssd1306_Fill) for ssd1306_Fill
    main_activity.o(i.init_system) refers to ssd1306.o(i.ssd1306_SetCursor) for ssd1306_SetCursor
    main_activity.o(i.init_system) refers to ssd1306.o(i.ssd1306_WriteString) for ssd1306_WriteString
    main_activity.o(i.init_system) refers to ssd1306.o(i.ssd1306_UpdateScreen) for ssd1306_UpdateScreen
    main_activity.o(i.init_system) refers to memcpya.o(.text) for __aeabi_memcpy4
    main_activity.o(i.init_system) refers to ads1220.o(i.ADS1220_init) for ADS1220_init
    main_activity.o(i.init_system) refers to ads1220.o(i.ADS1220_set_data_rate) for ADS1220_set_data_rate
    main_activity.o(i.init_system) refers to ads1220.o(i.ADS1220_set_pga_gain) for ADS1220_set_pga_gain
    main_activity.o(i.init_system) refers to ads1220.o(i.ADS1220_select_mux_channels) for ADS1220_select_mux_channels
    main_activity.o(i.init_system) refers to ads1220.o(i.ADS1220_Start) for ADS1220_Start
    main_activity.o(i.init_system) refers to stm32f1xx_hal.o(i.HAL_Delay) for HAL_Delay
    main_activity.o(i.init_system) refers to samplefilter.o(i.SampleFilter_init) for SampleFilter_init
    main_activity.o(i.init_system) refers to fonts.o(.data) for Font_7x10
    main_activity.o(i.init_system) refers to ads1220.o(.bss) for ADS1220
    main_activity.o(i.init_system) refers to main.o(.bss) for hspi1
    main_activity.o(i.init_system) refers to main_activity.o(.bss) for .bss
    main_activity.o(i.intToStr) refers to main_activity.o(i.reverse) for reverse
    main_activity.o(i.led_blink) refers to stm32f1xx_hal_gpio.o(i.HAL_GPIO_TogglePin) for HAL_GPIO_TogglePin
    main_activity.o(i.led_blink) refers to main_activity.o(.data) for .data
    main_activity.o(i.main_activity) refers to main_activity.o(i.get_adc) for get_adc
    main_activity.o(i.main_activity) refers to main_activity.o(i.led_blink) for led_blink
    main_activity.o(i.notfication) refers to ssd1306.o(i.ssd1306_SetCursor) for ssd1306_SetCursor
    main_activity.o(i.notfication) refers to main_activity.o(i.ftoa) for ftoa
    main_activity.o(i.notfication) refers to ssd1306.o(i.ssd1306_WriteString) for ssd1306_WriteString
[...]
    Removing stm32f1xx_hal_tim_ex.o(i.HAL_TIMEx_OnePulseN_Stop_IT), (184 bytes).
    Removing stm32f1xx_hal_tim_ex.o(i.HAL_TIMEx_PWMN_Start), (132 bytes).
    Removing stm32f1xx_hal_tim_ex.o(i.HAL_TIMEx_PWMN_Start_DMA), (288 bytes).
    Removing stm32f1xx_hal_tim_ex.o(i.HAL_TIMEx_PWMN_Start_IT), (184 bytes).
    Removing stm32f1xx_hal_tim_ex.o(i.HAL_TIMEx_PWMN_Stop), (164 bytes).
    Removing stm32f1xx_hal_tim_ex.o(i.HAL_TIMEx_PWMN_Stop_DMA), (212 bytes).
    Removing stm32f1xx_hal_tim_ex.o(i.HAL_TIMEx_PWMN_Stop_IT), (224 bytes).
    Removing stm32f1xx_hal_tim_ex.o(i.TIMEx_DMACommutationCplt), (16 bytes).
    Removing stm32f1xx_hal_tim_ex.o(i.TIM_CCxNChannelCmd), (22 bytes).
    Removing stm32f1xx_hal_uart.o(.rev16_text), (4 bytes).
    Removing stm32f1xx_hal_uart.o(.revsh_text), (4 bytes).
    Removing stm32f1xx_hal_uart.o(.rrx_text), (6 bytes).
    Removing stm32f1xx_hal_uart.o(i.HAL_HalfDuplex_EnableReceiver), (50 bytes).
    Removing stm32f1xx_hal_uart.o(i.HAL_HalfDuplex_EnableTransmitter), (50 bytes).
    Removing stm32f1xx_hal_uart.o(i.HAL_HalfDuplex_Init), (232 bytes).
    Removing stm32f1xx_hal_uart.o(i.HAL_LIN_Init), (256 bytes).
    Removing stm32f1xx_hal_uart.o(i.HAL_LIN_SendBreak), (152 bytes).
    Removing stm32f1xx_hal_uart.o(i.HAL_MultiProcessor_EnterMuteMode), (152 bytes).
    Removing stm32f1xx_hal_uart.o(i.HAL_MultiProcessor_ExitMuteMode), (152 bytes).
    Removing stm32f1xx_hal_uart.o(i.HAL_MultiProcessor_Init), (284 bytes).
    Removing stm32f1xx_hal_uart.o(i.HAL_UART_Abort), (104 bytes).
    Removing stm32f1xx_hal_uart.o(i.HAL_UART_AbortCpltCallback), (2 bytes).
    Removing stm32f1xx_hal_uart.o(i.HAL_UART_AbortReceive), (68 bytes).
    Removing stm32f1xx_hal_uart.o(i.HAL_UART_AbortReceiveCpltCallback), (2 bytes).
    Removing stm32f1xx_hal_uart.o(i.HAL_UART_AbortReceive_IT), (92 bytes).
    Removing stm32f1xx_hal_uart.o(i.HAL_UART_AbortTransmit), (58 bytes).
    Removing stm32f1xx_hal_uart.o(i.HAL_UART_AbortTransmitCpltCallback), (2 bytes).
    Removing stm32f1xx_hal_uart.o(i.HAL_UART_AbortTransmit_IT), (84 bytes).
    Removing stm32f1xx_hal_uart.o(i.HAL_UART_Abort_IT), (172 bytes).
    Removing stm32f1xx_hal_uart.o(i.HAL_UART_DMAPause), (102 bytes).
    Removing stm32f1xx_hal_uart.o(i.HAL_UART_DMAResume), (94 bytes).
    Removing stm32f1xx_hal_uart.o(i.HAL_UART_DMAStop), (88 bytes).
    Removing stm32f1xx_hal_uart.o(i.HAL_UART_DeInit), (144 bytes).
    Removing stm32f1xx_hal_uart.o(i.HAL_UART_ErrorCallback), (2 bytes).
    Removing stm32f1xx_hal_uart.o(i.HAL_UART_GetError), (4 bytes).
    Removing stm32f1xx_hal_uart.o(i.HAL_UART_GetState), (10 bytes).
    Removing stm32f1xx_hal_uart.o(i.HAL_UART_IRQHandler), (272 bytes).
    Removing stm32f1xx_hal_uart.o(i.HAL_UART_MspDeInit), (2 bytes).
    Removing stm32f1xx_hal_uart.o(i.HAL_UART_MspInit), (2 bytes).
    Removing stm32f1xx_hal_uart.o(i.HAL_UART_Receive), (184 bytes).
    Removing stm32f1xx_hal_uart.o(i.HAL_UART_Receive_DMA), (152 bytes).
    Removing stm32f1xx_hal_uart.o(i.HAL_UART_Receive_IT), (82 bytes).
    Removing stm32f1xx_hal_uart.o(i.HAL_UART_RxCpltCallback), (2 bytes).
    Removing stm32f1xx_hal_uart.o(i.HAL_UART_RxHalfCpltCallback), (2 bytes).
    Removing stm32f1xx_hal_uart.o(i.HAL_UART_Transmit_DMA), (128 bytes).
    Removing stm32f1xx_hal_uart.o(i.HAL_UART_Transmit_IT), (62 bytes).
    Removing stm32f1xx_hal_uart.o(i.HAL_UART_TxCpltCallback), (2 bytes).
    Removing stm32f1xx_hal_uart.o(i.HAL_UART_TxHalfCpltCallback), (2 bytes).
    Removing stm32f1xx_hal_uart.o(i.UART_DMAAbortOnError), (16 bytes).
    Removing stm32f1xx_hal_uart.o(i.UART_DMAError), (74 bytes).
    Removing stm32f1xx_hal_uart.o(i.UART_DMAReceiveCplt), (60 bytes).
    Removing stm32f1xx_hal_uart.o(i.UART_DMARxAbortCallback), (42 bytes).
    Removing stm32f1xx_hal_uart.o(i.UART_DMARxHalfCplt), (10 bytes).
    Removing stm32f1xx_hal_uart.o(i.UART_DMARxOnlyAbortCallback), (20 bytes).
    Removing stm32f1xx_hal_uart.o(i.UART_DMATransmitCplt), (46 bytes).
    Removing stm32f1xx_hal_uart.o(i.UART_DMATxAbortCallback), (42 bytes).
    Removing stm32f1xx_hal_uart.o(i.UART_DMATxHalfCplt), (10 bytes).
    Removing stm32f1xx_hal_uart.o(i.UART_DMATxOnlyAbortCallback), (20 bytes).
    Removing stm32f1xx_hal_uart.o(i.UART_EndRxTransfer), (28 bytes).
    Removing stm32f1xx_hal_uart.o(i.UART_EndTxTransfer), (18 bytes).
    Removing stm32f1xx_hal_uart.o(i.UART_Receive_IT), (150 bytes).
    Removing stm32f1xx_hal_uart.o(i.UART_Transmit_IT), (98 bytes).
    Removing stm32f1xx_hal.o(.rev16_text), (4 bytes).
    Removing stm32f1xx_hal.o(.revsh_text), (4 bytes).
    Removing stm32f1xx_hal.o(.rrx_text), (6 bytes).
    Removing stm32f1xx_hal.o(i.HAL_DBGMCU_DisableDBGSleepMode), (16 bytes).
    Removing stm32f1xx_hal.o(i.HAL_DBGMCU_DisableDBGStandbyMode), (16 bytes).
    Removing stm32f1xx_hal.o(i.HAL_DBGMCU_DisableDBGStopMode), (16 bytes).
    Removing stm32f1xx_hal.o(i.HAL_DBGMCU_EnableDBGSleepMode), (16 bytes).
    Removing stm32f1xx_hal.o(i.HAL_DBGMCU_EnableDBGStandbyMode), (16 bytes).
    Removing stm32f1xx_hal.o(i.HAL_DBGMCU_EnableDBGStopMode), (16 bytes).
    Removing stm32f1xx_hal.o(i.HAL_DeInit), (32 bytes).
    Removing stm32f1xx_hal.o(i.HAL_GetDEVID), (16 bytes).
    Removing stm32f1xx_hal.o(i.HAL_GetHalVersion), (8 bytes).
    Removing stm32f1xx_hal.o(i.HAL_GetREVID), (12 bytes).
    Removing stm32f1xx_hal.o(i.HAL_GetTickFreq), (12 bytes).
    Removing stm32f1xx_hal.o(i.HAL_GetTickPrio), (12 bytes).
    Removing stm32f1xx_hal.o(i.HAL_GetUID), (28 bytes).
    Removing stm32f1xx_hal.o(i.HAL_InitTick), (64 bytes).
    Removing stm32f1xx_hal.o(i.HAL_MspDeInit), (2 bytes).
    Removing stm32f1xx_hal.o(i.HAL_MspInit), (2 bytes).
    Removing stm32f1xx_hal.o(i.HAL_ResumeTick), (14 bytes).
    Removing stm32f1xx_hal.o(i.HAL_SetTickFreq), (108 bytes).
    Removing stm32f1xx_hal.o(i.HAL_SuspendTick), (14 bytes).
    Removing stm32f1xx_hal_rcc.o(.rev16_text), (4 bytes).
    Removing stm32f1xx_hal_rcc.o(.revsh_text), (4 bytes).
    Removing stm32f1xx_hal_rcc.o(.rrx_text), (6 bytes).
    Removing stm32f1xx_hal_rcc.o(i.HAL_RCC_CSSCallback), (2 bytes).
    Removing stm32f1xx_hal_rcc.o(i.HAL_RCC_DeInit), (216 bytes).
    Removing stm32f1xx_hal_rcc.o(i.HAL_RCC_DisableCSS), (12 bytes).
    Removing stm32f1xx_hal_rcc.o(i.HAL_RCC_EnableCSS), (12 bytes).
    Removing stm32f1xx_hal_rcc.o(i.HAL_RCC_GetHCLKFreq), (12 bytes).
    Removing stm32f1xx_hal_rcc.o(i.HAL_RCC_GetOscConfig), (216 bytes).
    Removing stm32f1xx_hal_rcc.o(i.HAL_RCC_MCOConfig), (200 bytes).
    Removing stm32f1xx_hal_rcc.o(i.HAL_RCC_NMI_IRQHandler), (24 bytes).
    Removing stm32f1xx_hal_rcc_ex.o(.rev16_text), (4 bytes).
    Removing stm32f1xx_hal_rcc_ex.o(.revsh_text), (4 bytes).
    Removing stm32f1xx_hal_rcc_ex.o(.rrx_text), (6 bytes).
    Removing stm32f1xx_hal_rcc_ex.o(i.HAL_RCCEx_GetPeriphCLKConfig), (44 bytes).
    Removing stm32f1xx_hal_rcc_ex.o(i.HAL_RCCEx_GetPeriphCLKFreq), (280 bytes).
    Removing stm32f1xx_hal_rcc_ex.o(i.HAL_RCCEx_PeriphCLKConfig), (404 bytes).
    Removing stm32f1xx_hal_gpio.o(.rev16_text), (4 bytes).
    Removing stm32f1xx_hal_gpio.o(.revsh_text), (4 bytes).
    Removing stm32f1xx_hal_gpio.o(.rrx_text), (6 bytes).
    Removing stm32f1xx_hal_gpio.o(i.HAL_GPIO_DeInit), (368 bytes).
    Removing stm32f1xx_hal_gpio.o(i.HAL_GPIO_EXTI_Callback), (2 bytes).
    Removing stm32f1xx_hal_gpio.o(i.HAL_GPIO_EXTI_IRQHandler), (24 bytes).
    Removing stm32f1xx_hal_gpio.o(i.HAL_GPIO_LockPin), (176 bytes).
    Removing stm32f1xx_hal_dma.o(.rev16_text), (4 bytes).
    Removing stm32f1xx_hal_dma.o(.revsh_text), (4 bytes).
    Removing stm32f1xx_hal_dma.o(.rrx_text), (6 bytes).
    Removing stm32f1xx_hal_dma.o(i.DMA_SetConfig), (42 bytes).
    Removing stm32f1xx_hal_dma.o(i.HAL_DMA_Abort), (48 bytes).
    Removing stm32f1xx_hal_dma.o(i.HAL_DMA_Abort_IT), (152 bytes).
    Removing stm32f1xx_hal_dma.o(i.HAL_DMA_DeInit), (212 bytes).
    Removing stm32f1xx_hal_dma.o(i.HAL_DMA_GetError), (4 bytes).
    Removing stm32f1xx_hal_dma.o(i.HAL_DMA_GetState), (6 bytes).
    Removing stm32f1xx_hal_dma.o(i.HAL_DMA_IRQHandler), (340 bytes).
    Removing stm32f1xx_hal_dma.o(i.HAL_DMA_Init), (364 bytes).
    Removing stm32f1xx_hal_dma.o(i.HAL_DMA_PollForTransfer), (532 bytes).
    Removing stm32f1xx_hal_dma.o(i.HAL_DMA_RegisterCallback), (74 bytes).
    Removing stm32f1xx_hal_dma.o(i.HAL_DMA_Start), (172 bytes).
    Removing stm32f1xx_hal_dma.o(i.HAL_DMA_Start_IT), (204 bytes).
    Removing stm32f1xx_hal_dma.o(i.HAL_DMA_UnRegisterCallback), (82 bytes).
    Removing stm32f1xx_hal_cortex.o(.rev16_text), (4 bytes).
    Removing stm32f1xx_hal_cortex.o(.revsh_text), (4 bytes).
    Removing stm32f1xx_hal_cortex.o(.rrx_text), (6 bytes).
    Removing stm32f1xx_hal_cortex.o(i.HAL_NVIC_ClearPendingIRQ), (100 bytes).
    Removing stm32f1xx_hal_cortex.o(i.HAL_NVIC_DisableIRQ), (96 bytes).
    Removing stm32f1xx_hal_cortex.o(i.HAL_NVIC_GetActive), (104 bytes).
    Removing stm32f1xx_hal_cortex.o(i.HAL_NVIC_GetPendingIRQ), (104 bytes).
    Removing stm32f1xx_hal_cortex.o(i.HAL_NVIC_GetPriority), (184 bytes).
    Removing stm32f1xx_hal_cortex.o(i.HAL_NVIC_GetPriorityGrouping), (16 bytes).
    Removing stm32f1xx_hal_cortex.o(i.HAL_NVIC_SetPendingIRQ), (100 bytes).
    Removing stm32f1xx_hal_cortex.o(i.HAL_NVIC_SystemReset), (36 bytes).
    Removing stm32f1xx_hal_cortex.o(i.HAL_SYSTICK_CLKSourceConfig), (100 bytes).
    Removing stm32f1xx_hal_cortex.o(i.HAL_SYSTICK_Callback), (2 bytes).
    Removing stm32f1xx_hal_cortex.o(i.HAL_SYSTICK_Config), (40 bytes).
    Removing stm32f1xx_hal_cortex.o(i.HAL_SYSTICK_IRQHandler), (8 bytes).
    Removing stm32f1xx_hal_pwr.o(.rev16_text), (4 bytes).
    Removing stm32f1xx_hal_pwr.o(.revsh_text), (4 bytes).
    Removing stm32f1xx_hal_pwr.o(.rrx_text), (6 bytes).
    Removing stm32f1xx_hal_pwr.o(i.HAL_PWR_ConfigPVD), (280 bytes).
    Removing stm32f1xx_hal_pwr.o(i.HAL_PWR_DeInit), (24 bytes).
    Removing stm32f1xx_hal_pwr.o(i.HAL_PWR_DisableBkUpAccess), (12 bytes).
    Removing stm32f1xx_hal_pwr.o(i.HAL_PWR_DisablePVD), (12 bytes).
    Removing stm32f1xx_hal_pwr.o(i.HAL_PWR_DisableSEVOnPend), (16 bytes).
    Removing stm32f1xx_hal_pwr.o(i.HAL_PWR_DisableSleepOnExit), (16 bytes).
    Removing stm32f1xx_hal_pwr.o(i.HAL_PWR_DisableWakeUpPin), (104 bytes).
    Removing stm32f1xx_hal_pwr.o(i.HAL_PWR_EnableBkUpAccess), (12 bytes).
    Removing stm32f1xx_hal_pwr.o(i.HAL_PWR_EnablePVD), (12 bytes).
    Removing stm32f1xx_hal_pwr.o(i.HAL_PWR_EnableSEVOnPend), (16 bytes).
    Removing stm32f1xx_hal_pwr.o(i.HAL_PWR_EnableSleepOnExit), (16 bytes).
    Removing stm32f1xx_hal_pwr.o(i.HAL_PWR_EnableWakeUpPin), (104 bytes).
    Removing stm32f1xx_hal_pwr.o(i.HAL_PWR_EnterSLEEPMode), (108 bytes).
    Removing stm32f1xx_hal_pwr.o(i.HAL_PWR_EnterSTANDBYMode), (32 bytes).
    Removing stm32f1xx_hal_pwr.o(i.HAL_PWR_EnterSTOPMode), (164 bytes).
    Removing stm32f1xx_hal_pwr.o(i.HAL_PWR_PVDCallback), (2 bytes).
    Removing stm32f1xx_hal_pwr.o(i.HAL_PWR_PVD_IRQHandler), (28 bytes).
    Removing stm32f1xx_hal_pwr.o(i.PWR_OverloadWfe), (6 bytes).
    Removing stm32f1xx_hal_flash.o(.rev16_text), (4 bytes).
    Removing stm32f1xx_hal_flash.o(.revsh_text), (4 bytes).
    Removing stm32f1xx_hal_flash.o(.rrx_text), (6 bytes).
    Removing stm32f1xx_hal_flash.o(i.FLASH_Program_HalfWord), (28 bytes).
    Removing stm32f1xx_hal_flash.o(i.FLASH_SetErrorCode), (92 bytes).
    Removing stm32f1xx_hal_flash.o(i.FLASH_WaitForLastOperation), (84 bytes).
    Removing stm32f1xx_hal_flash.o(i.HAL_FLASH_EndOfOperationCallback), (2 bytes).
    Removing stm32f1xx_hal_flash.o(i.HAL_FLASH_GetError), (12 bytes).
    Removing stm32f1xx_hal_flash.o(i.HAL_FLASH_IRQHandler), (264 bytes).
    Removing stm32f1xx_hal_flash.o(i.HAL_FLASH_Lock), (20 bytes).
    Removing stm32f1xx_hal_flash.o(i.HAL_FLASH_OB_Launch), (4 bytes).
    Removing stm32f1xx_hal_flash.o(i.HAL_FLASH_OB_Lock), (20 bytes).
    Removing stm32f1xx_hal_flash.o(i.HAL_FLASH_OB_Unlock), (36 bytes).
    Removing stm32f1xx_hal_flash.o(i.HAL_FLASH_OperationErrorCallback), (2 bytes).
    Removing stm32f1xx_hal_flash.o(i.HAL_FLASH_Program), (276 bytes).
    Removing stm32f1xx_hal_flash.o(i.HAL_FLASH_Program_IT), (260 bytes).
    Removing stm32f1xx_hal_flash.o(i.HAL_FLASH_Unlock), (40 bytes).
    Removing stm32f1xx_hal_flash.o(.bss), (32 bytes).
    Removing stm32f1xx_hal_flash_ex.o(.rev16_text), (4 bytes).
    Removing stm32f1xx_hal_flash_ex.o(.revsh_text), (4 bytes).
    Removing stm32f1xx_hal_flash_ex.o(.rrx_text), (6 bytes).
    Removing stm32f1xx_hal_flash_ex.o(i.FLASH_MassErase), (116 bytes).
    Removing stm32f1xx_hal_flash_ex.o(i.FLASH_OB_DisableWRP), (256 bytes).
    Removing stm32f1xx_hal_flash_ex.o(i.FLASH_OB_EnableWRP), (256 bytes).
    Removing stm32f1xx_hal_flash_ex.o(i.FLASH_OB_GetRDP), (24 bytes).
    Removing stm32f1xx_hal_flash_ex.o(i.FLASH_OB_ProgramData), (156 bytes).
    Removing stm32f1xx_hal_flash_ex.o(i.FLASH_OB_RDP_LevelConfig), (180 bytes).
    Removing stm32f1xx_hal_flash_ex.o(i.FLASH_OB_UserConfig), (68 bytes).
    Removing stm32f1xx_hal_flash_ex.o(i.FLASH_PageErase), (36 bytes).
    Removing stm32f1xx_hal_flash_ex.o(i.HAL_FLASHEx_Erase), (420 bytes).
    Removing stm32f1xx_hal_flash_ex.o(i.HAL_FLASHEx_Erase_IT), (352 bytes).
    Removing stm32f1xx_hal_flash_ex.o(i.HAL_FLASHEx_OBErase), (84 bytes).
    Removing stm32f1xx_hal_flash_ex.o(i.HAL_FLASHEx_OBGetConfig), (36 bytes).
    Removing stm32f1xx_hal_flash_ex.o(i.HAL_FLASHEx_OBGetUserData), (32 bytes).
    Removing stm32f1xx_hal_flash_ex.o(i.HAL_FLASHEx_OBProgram), (224 bytes).
    Removing system_stm32f1xx.o(.rev16_text), (4 bytes).
    Removing system_stm32f1xx.o(.revsh_text), (4 bytes).
    Removing system_stm32f1xx.o(.rrx_text), (6 bytes).
    Removing system_stm32f1xx.o(i.SystemCoreClockUpdate), (104 bytes).
    Removing fadd.o(.text), (176 bytes).
    Removing fflti.o(.text), (18 bytes).
    Removing ffixi.o(.text), (50 bytes).
    Removing dscalb.o(.text), (46 bytes).
    Removing dsqrt.o(.text), (162 bytes).
    Removing cdcmple.o(.text), (48 bytes).

519 unused section(s) (total 65753 bytes) removed from the image.

==============================================================================

Image Symbol Table

    Local Symbols

    Symbol Name                              Value     Ov Type        Size  Object(Section)

    ../Drivers/STM32F1xx_HAL_Driver/Src/stm32f1xx_hal.c 0x00000000   Number         0  stm32f1xx_hal.o ABSOLUTE
    ../Drivers/STM32F1xx_HAL_Driver/Src/stm32f1xx_hal_cortex.c 0x00000000   Number         0  stm32f1xx_hal_cortex.o ABSOLUTE
    ../Drivers/STM32F1xx_HAL_Driver/Src/stm32f1xx_hal_dma.c 0x00000000   Number         0  stm32f1xx_hal_dma.o ABSOLUTE
    ../Drivers/STM32F1xx_HAL_Driver/Src/stm32f1xx_hal_flash.c 0x00000000   Number         0  stm32f1xx_hal_flash.o ABSOLUTE
    ../Drivers/STM32F1xx_HAL_Driver/Src/stm32f1xx_hal_flash_ex.c 0x00000000   Number         0  stm32f1xx_hal_flash_ex.o ABSOLUTE
    ../Drivers/STM32F1xx_HAL_Driver/Src/stm32f1xx_hal_gpio.c 0x00000000   Number         0  stm32f1xx_hal_gpio.o ABSOLUTE
    ../Drivers/STM32F1xx_HAL_Driver/Src/stm32f1xx_hal_gpio_ex.c 0x00000000   Number         0  stm32f1xx_hal_gpio_ex.o ABSOLUTE
    ../Drivers/STM32F1xx_HAL_Driver/Src/stm32f1xx_hal_i2c.c 0x00000000   Number         0  stm32f1xx_hal_i2c.o ABSOLUTE
    ../Drivers/STM32F1xx_HAL_Driver/Src/stm32f1xx_hal_pwr.c 0x00000000   Number         0  stm32f1xx_hal_pwr.o ABSOLUTE
    ../Drivers/STM32F1xx_HAL_Driver/Src/stm32f1xx_hal_rcc.c 0x00000000   Number         0  stm32f1xx_hal_rcc.o ABSOLUTE
    ../Drivers/STM32F1xx_HAL_Driver/Src/stm32f1xx_hal_rcc_ex.c 0x00000000   Number         0  stm32f1xx_hal_rcc_ex.o ABSOLUTE
    ../Drivers/STM32F1xx_HAL_Driver/Src/stm32f1xx_hal_spi.c 0x00000000   Number         0  stm32f1xx_hal_spi.o ABSOLUTE
    ../Drivers/STM32F1xx_HAL_Driver/Src/stm32f1xx_hal_spi_ex.c 0x00000000   Number         0  stm32f1xx_hal_spi_ex.o ABSOLUTE
    ../Drivers/STM32F1xx_HAL_Driver/Src/stm32f1xx_hal_tim.c 0x00000000   Number         0  stm32f1xx_hal_tim.o ABSOLUTE
    ../Drivers/STM32F1xx_HAL_Driver/Src/stm32f1xx_hal_tim_ex.c 0x00000000   Number         0  stm32f1xx_hal_tim_ex.o ABSOLUTE
    ../Drivers/STM32F1xx_HAL_Driver/Src/stm32f1xx_hal_uart.c 0x00000000   Number         0  stm32f1xx_hal_uart.o ABSOLUTE
    ../Src/main.c                            0x00000000   Number         0  main.o ABSOLUTE
    ../Src/stm32f1xx_hal_msp.c               0x00000000   Number         0  stm32f1xx_hal_msp.o ABSOLUTE
    ../Src/stm32f1xx_hal_timebase_tim.c      0x00000000   Number         0  stm32f1xx_hal_timebase_tim.o ABSOLUTE
    ../Src/stm32f1xx_it.c                    0x00000000   Number         0  stm32f1xx_it.o ABSOLUTE
    ../Src/system_stm32f1xx.c                0x00000000   Number         0  system_stm32f1xx.o ABSOLUTE
    ../clib/microlib/division.c              0x00000000   Number         0  uldiv.o ABSOLUTE
    ../clib/microlib/division.c              0x00000000   Number         0  uidiv.o ABSOLUTE
    ../clib/microlib/errno.c                 0x00000000   Number         0  errno.o ABSOLUTE
    ../clib/microlib/init/entry.s            0x00000000   Number         0  entry8a.o ABSOLUTE
    ../clib/microlib/init/entry.s            0x00000000   Number         0  entry7b.o ABSOLUTE
    ../clib/microlib/init/entry.s            0x00000000   Number         0  entry7a.o ABSOLUTE
    ../clib/microlib/init/entry.s            0x00000000   Number         0  entry10b.o ABSOLUTE
    ../clib/microlib/init/entry.s            0x00000000   Number         0  entry9b.o ABSOLUTE
    ../clib/microlib/init/entry.s            0x00000000   Number         0  entry5.o ABSOLUTE
    ../clib/microlib/init/entry.s            0x00000000   Number         0  entry9a.o ABSOLUTE
    ../clib/microlib/init/entry.s            0x00000000   Number         0  entry.o ABSOLUTE
    ../clib/microlib/init/entry.s            0x00000000   Number         0  entry2.o ABSOLUTE
    ../clib/microlib/init/entry.s            0x00000000   Number         0  entry11b.o ABSOLUTE
    ../clib/microlib/init/entry.s            0x00000000   Number         0  entry10a.o ABSOLUTE
    ../clib/microlib/init/entry.s            0x00000000   Number         0  entry8b.o ABSOLUTE
    ../clib/microlib/init/entry.s            0x00000000   Number         0  entry11a.o ABSOLUTE
    ../clib/microlib/longlong.c              0x00000000   Number         0  llsshr.o ABSOLUTE
    ../clib/microlib/longlong.c              0x00000000   Number         0  llushr.o ABSOLUTE
    ../clib/microlib/longlong.c              0x00000000   Number         0  llshl.o ABSOLUTE
    ../clib/microlib/printf/printf.c         0x00000000   Number         0  printf4.o ABSOLUTE
    ../clib/microlib/printf/printf.c         0x00000000   Number         0  printf7.o ABSOLUTE
    ../clib/microlib/printf/printf.c         0x00000000   Number         0  printfb.o ABSOLUTE
    ../clib/microlib/printf/printf.c         0x00000000   Number         0  printf8.o ABSOLUTE
    ../clib/microlib/printf/printf.c         0x00000000   Number         0  printf0.o ABSOLUTE
    ../clib/microlib/printf/printf.c         0x00000000   Number         0  printfa.o ABSOLUTE
    ../clib/microlib/printf/printf.c         0x00000000   Number         0  printf1.o ABSOLUTE
    ../clib/microlib/printf/printf.c         0x00000000   Number         0  printf2.o ABSOLUTE
    ../clib/microlib/printf/printf.c         0x00000000   Number         0  printf3.o ABSOLUTE
    ../clib/microlib/printf/printf.c         0x00000000   Number         0  printf5.o ABSOLUTE
    ../clib/microlib/printf/printf.c         0x00000000   Number         0  printf6.o ABSOLUTE
    ../clib/microlib/printf/stubs.s          0x00000000   Number         0  stubs.o ABSOLUTE
    ../clib/microlib/stdio/streams.c         0x00000000   Number         0  stdout.o ABSOLUTE
    ../clib/microlib/string/memcpy.c         0x00000000   Number         0  memcpyb.o ABSOLUTE
    ../clib/microlib/string/memcpy.c         0x00000000   Number         0  memcpya.o ABSOLUTE
    ../clib/microlib/string/memset.c         0x00000000   Number         0  memseta.o ABSOLUTE
    ../clib/microlib/stubs.s                 0x00000000   Number         0  iusefp.o ABSOLUTE
    ../fplib/microlib/d2f.c                  0x00000000   Number         0  d2f.o ABSOLUTE
    ../fplib/microlib/f2d.c                  0x00000000   Number         0  f2d.o ABSOLUTE
    ../fplib/microlib/fpadd.c                0x00000000   Number         0  dadd.o ABSOLUTE
    ../fplib/microlib/fpadd.c                0x00000000   Number         0  fadd.o ABSOLUTE
    ../fplib/microlib/fpdiv.c                0x00000000   Number         0  ddiv.o ABSOLUTE
    ../fplib/microlib/fpepilogue.c           0x00000000   Number         0  fepilogue.o ABSOLUTE
    ../fplib/microlib/fpepilogue.c           0x00000000   Number         0  depilogue.o ABSOLUTE
    ../fplib/microlib/fpfix.c                0x00000000   Number         0  ffixi.o ABSOLUTE
    ../fplib/microlib/fpfix.c                0x00000000   Number         0  dfixul.o ABSOLUTE
    ../fplib/microlib/fpflt.c                0x00000000   Number         0  dflti.o ABSOLUTE
    ../fplib/microlib/fpflt.c                0x00000000   Number         0  fflti.o ABSOLUTE
    ../fplib/microlib/fpmul.c                0x00000000   Number         0  dmul.o ABSOLUTE
    ../fplib/microlib/fpscalb.c              0x00000000   Number         0  dscalb.o ABSOLUTE
    ../fplib/microlib/fpsqrt.c               0x00000000   Number         0  dsqrt.o ABSOLUTE
    ../mathlib/dunder.c                      0x00000000   Number         0  dunder.o ABSOLUTE
    ../mathlib/fpclassify.c                  0x00000000   Number         0  fpclassify.o ABSOLUTE
    ../mathlib/poly.c                        0x00000000   Number         0  poly.o ABSOLUTE
    ../mathlib/pow.c                         0x00000000   Number         0  pow.o ABSOLUTE
    ../mathlib/pow.c                         0x00000000   Number         0  pow_x.o ABSOLUTE
    ../mathlib/qnan.c                        0x00000000   Number         0  qnan.o ABSOLUTE
    ../mathlib/sqrt.c                        0x00000000   Number         0  sqrt.o ABSOLUTE
    ../mathlib/sqrt.c                        0x00000000   Number         0  sqrt_x.o ABSOLUTE
    ..\Drivers\STM32F1xx_HAL_Driver\Src\stm32f1xx_hal.c 0x00000000   Number         0  stm32f1xx_hal.o ABSOLUTE
    ..\Drivers\STM32F1xx_HAL_Driver\Src\stm32f1xx_hal_cortex.c 0x00000000   Number         0  stm32f1xx_hal_cortex.o ABSOLUTE
    ..\Drivers\STM32F1xx_HAL_Driver\Src\stm32f1xx_hal_dma.c 0x00000000   Number         0  stm32f1xx_hal_dma.o ABSOLUTE
    ..\Drivers\STM32F1xx_HAL_Driver\Src\stm32f1xx_hal_flash.c 0x00000000   Number         0  stm32f1xx_hal_flash.o ABSOLUTE
    ..\Drivers\STM32F1xx_HAL_Driver\Src\stm32f1xx_hal_flash_ex.c 0x00000000   Number         0  stm32f1xx_hal_flash_ex.o ABSOLUTE
    ..\Drivers\STM32F1xx_HAL_Driver\Src\stm32f1xx_hal_gpio.c 0x00000000   Number         0  stm32f1xx_hal_gpio.o ABSOLUTE
    ..\Drivers\STM32F1xx_HAL_Driver\Src\stm32f1xx_hal_gpio_ex.c 0x00000000   Number         0  stm32f1xx_hal_gpio_ex.o ABSOLUTE
    ..\Drivers\STM32F1xx_HAL_Driver\Src\stm32f1xx_hal_i2c.c 0x00000000   Number         0  stm32f1xx_hal_i2c.o ABSOLUTE
    ..\Drivers\STM32F1xx_HAL_Driver\Src\stm32f1xx_hal_pwr.c 0x00000000   Number         0  stm32f1xx_hal_pwr.o ABSOLUTE
    ..\Drivers\STM32F1xx_HAL_Driver\Src\stm32f1xx_hal_rcc.c 0x00000000   Number         0  stm32f1xx_hal_rcc.o ABSOLUTE
    ..\Drivers\STM32F1xx_HAL_Driver\Src\stm32f1xx_hal_rcc_ex.c 0x00000000   Number         0  stm32f1xx_hal_rcc_ex.o ABSOLUTE
    ..\Drivers\STM32F1xx_HAL_Driver\Src\stm32f1xx_hal_spi.c 0x00000000   Number         0  stm32f1xx_hal_spi.o ABSOLUTE
    ..\Drivers\STM32F1xx_HAL_Driver\Src\stm32f1xx_hal_spi_ex.c 0x00000000   Number         0  stm32f1xx_hal_spi_ex.o ABSOLUTE
    ..\Drivers\STM32F1xx_HAL_Driver\Src\stm32f1xx_hal_tim.c 0x00000000   Number         0  stm32f1xx_hal_tim.o ABSOLUTE
    ..\Drivers\STM32F1xx_HAL_Driver\Src\stm32f1xx_hal_tim_ex.c 0x00000000   Number         0  stm32f1xx_hal_tim_ex.o ABSOLUTE
    ..\Drivers\STM32F1xx_HAL_Driver\Src\stm32f1xx_hal_uart.c 0x00000000   Number         0  stm32f1xx_hal_uart.o ABSOLUTE
    ..\Src\main.c                            0x00000000   Number         0  main.o ABSOLUTE
    ..\Src\stm32f1xx_hal_msp.c               0x00000000   Number         0  stm32f1xx_hal_msp.o ABSOLUTE
    ..\Src\stm32f1xx_hal_timebase_tim.c      0x00000000   Number         0  stm32f1xx_hal_timebase_tim.o ABSOLUTE
    ..\Src\stm32f1xx_it.c                    0x00000000   Number         0  stm32f1xx_it.o ABSOLUTE
    ..\Src\system_stm32f1xx.c                0x00000000   Number         0  system_stm32f1xx.o ABSOLUTE
    ..\User_main_activity\ADS1220.c          0x00000000   Number         0  ads1220.o ABSOLUTE
    ..\User_main_activity\SampleFilter.c     0x00000000   Number         0  samplefilter.o ABSOLUTE
    ..\User_main_activity\fonts.c            0x00000000   Number         0  fonts.o ABSOLUTE
    ..\User_main_activity\ssd1306.c          0x00000000   Number         0  ssd1306.o ABSOLUTE
    ..\\User_main_activity\\ADS1220.c        0x00000000   Number         0  ads1220.o ABSOLUTE
    ..\\User_main_activity\\fonts.c          0x00000000   Number         0  fonts.o ABSOLUTE
    ..\\User_main_activity\\ssd1306.c        0x00000000   Number         0  ssd1306.o ABSOLUTE
    Main_activity.c                          0x00000000   Number         0  main_activity.o ABSOLUTE
    Main_activity.c                          0x00000000   Number         0  main_activity.o ABSOLUTE
    cdcmple.s                                0x00000000   Number         0  cdcmple.o ABSOLUTE
    cdrcmple.s                               0x00000000   Number         0  cdrcmple.o ABSOLUTE
    dc.s                                     0x00000000   Number         0  dc.o ABSOLUTE
    handlers.s                               0x00000000   Number         0  handlers.o ABSOLUTE
    init.s                                   0x00000000   Number         0  init.o ABSOLUTE
    startup_stm32f103xb.s                    0x00000000   Number         0  startup_stm32f103xb.o ABSOLUTE
    RESET                                    0x08000000   Section      236  startup_stm32f103xb.o(RESET)
    .ARM.Collect$$$$00000000                 0x080000ec   Section        0  entry.o(.ARM.Collect$$$$00000000)
    .ARM.Collect$$$$00000001                 0x080000ec   Section        4  entry2.o(.ARM.Collect$$$$00000001)
    .ARM.Collect$$$$00000004                 0x080000f0   Section        4  entry5.o(.ARM.Collect$$$$00000004)
    .ARM.Collect$$$$00000008                 0x080000f4   Section        0  entry7b.o(.ARM.Collect$$$$00000008)
    .ARM.Collect$$$$0000000A                 0x080000f4   Section        0  entry8b.o(.ARM.Collect$$$$0000000A)
    .ARM.Collect$$$$0000000B                 0x080000f4   Section        8  entry9a.o(.ARM.Collect$$$$0000000B)
    .ARM.Collect$$$$0000000D                 0x080000fc   Section        0  entry10a.o(.ARM.Collect$$$$0000000D)
    .ARM.Collect$$$$0000000F                 0x080000fc   Section        0  entry11a.o(.ARM.Collect$$$$0000000F)
    .ARM.Collect$$$$00002712                 0x080000fc   Section        4  entry2.o(.ARM.Collect$$$$00002712)
    __lit__00000000                          0x080000fc   Data           4  entry2.o(.ARM.Collect$$$$00002712)
    .text                                    0x08000100   Section       36  startup_stm32f103xb.o(.text)
    .text                                    0x08000124   Section        0  llushr.o(.text)
    .text                                    0x08000144   Section        0  memcpya.o(.text)
    .text                                    0x08000168   Section        0  memseta.o(.text)
    .text                                    0x0800018c   Section        0  dadd.o(.text)
    .text                                    0x080002da   Section        0  dmul.o(.text)
    .text                                    0x080003be   Section        0  ddiv.o(.text)
    .text                                    0x0800049c   Section        0  dflti.o(.text)
    .text                                    0x080004be   Section        0  f2d.o(.text)
    .text                                    0x080004e4   Section        0  d2f.o(.text)
    .text                                    0x0800051c   Section        0  uidiv.o(.text)
    .text                                    0x08000548   Section        0  uldiv.o(.text)
    .text                                    0x080005aa   Section        0  llshl.o(.text)
    .text                                    0x080005c8   Section        0  llsshr.o(.text)
    .text                                    0x080005ec   Section        0  fepilogue.o(.text)
    .text                                    0x080005ec   Section        0  iusefp.o(.text)
    .text                                    0x0800065a   Section        0  depilogue.o(.text)
    .text                                    0x08000714   Section        0  dfixul.o(.text)
    .text                                    0x08000744   Section       48  cdrcmple.o(.text)
    .text                                    0x08000774   Section       36  init.o(.text)
    i.ADS1220_Command                        0x08000798   Section        0  ads1220.o(i.ADS1220_Command)
    i.ADS1220_Read_WaitForData               0x080007f0   Section        0  ads1220.o(i.ADS1220_Read_WaitForData)
    i.ADS1220_Start                          0x08000854   Section        0  ads1220.o(i.ADS1220_Start)
    i.ADS1220_convertToMilliV                0x0800085c   Section        0  ads1220.o(i.ADS1220_convertToMilliV)
    i.ADS1220_init                           0x08000894   Section        0  ads1220.o(i.ADS1220_init)
    i.ADS1220_readRegister                   0x08000984   Section        0  ads1220.o(i.ADS1220_readRegister)
    i.ADS1220_select_mux_channels            0x080009d0   Section        0  ads1220.o(i.ADS1220_select_mux_channels)
    i.ADS1220_set_data_rate                  0x080009e8   Section        0  ads1220.o(i.ADS1220_set_data_rate)
    i.ADS1220_set_pga_gain                   0x08000a00   Section        0  ads1220.o(i.ADS1220_set_pga_gain)
    i.ADS1220_writeRegister                  0x08000a18   Section        0  ads1220.o(i.ADS1220_writeRegister)
    i.BusFault_Handler                       0x08000a64   Section        0  stm32f1xx_it.o(i.BusFault_Handler)
    i.DebugMon_Handler                       0x08000a66   Section        0  stm32f1xx_it.o(i.DebugMon_Handler)
    i.HAL_Delay                              0x08000a68   Section        0  stm32f1xx_hal.o(i.HAL_Delay)
    i.HAL_GPIO_Init                          0x08000a8c   Section        0  stm32f1xx_hal_gpio.o(i.HAL_GPIO_Init)
    i.HAL_GPIO_ReadPin                       0x08000db4   Section        0  stm32f1xx_hal_gpio.o(i.HAL_GPIO_ReadPin)
    i.HAL_GPIO_TogglePin                     0x08000e0c   Section        0  stm32f1xx_hal_gpio.o(i.HAL_GPIO_TogglePin)
    i.HAL_GPIO_WritePin                      0x08000e64   Section        0  stm32f1xx_hal_gpio.o(i.HAL_GPIO_WritePin)
    i.HAL_GetTick                            0x08000ed0   Section        0  stm32f1xx_hal.o(i.HAL_GetTick)
    i.HAL_I2C_Init                           0x08000edc   Section        0  stm32f1xx_hal_i2c.o(i.HAL_I2C_Init)
    i.HAL_I2C_Mem_Write                      0x08001114   Section        0  stm32f1xx_hal_i2c.o(i.HAL_I2C_Mem_Write)
    i.HAL_I2C_MspInit                        0x08001298   Section        0  stm32f1xx_hal_msp.o(i.HAL_I2C_MspInit)
    i.HAL_IncTick                            0x080012f4   Section        0  stm32f1xx_hal.o(i.HAL_IncTick)
    i.HAL_Init                               0x08001304   Section        0  stm32f1xx_hal.o(i.HAL_Init)
    i.HAL_InitTick                           0x08001328   Section        0  stm32f1xx_hal_timebase_tim.o(i.HAL_InitTick)
    i.HAL_MspInit                            0x0800139c   Section        0  stm32f1xx_hal_msp.o(i.HAL_MspInit)
    i.HAL_NVIC_EnableIRQ                     0x080013d8   Section        0  stm32f1xx_hal_cortex.o(i.HAL_NVIC_EnableIRQ)
    i.HAL_NVIC_SetPriority                   0x08001438   Section        0  stm32f1xx_hal_cortex.o(i.HAL_NVIC_SetPriority)
    i.HAL_NVIC_SetPriorityGrouping           0x080014d8   Section        0  stm32f1xx_hal_cortex.o(i.HAL_NVIC_SetPriorityGrouping)
    i.HAL_RCC_ClockConfig                    0x08001558   Section        0  stm32f1xx_hal_rcc.o(i.HAL_RCC_ClockConfig)
    i.HAL_RCC_GetClockConfig                 0x080017cc   Section        0  stm32f1xx_hal_rcc.o(i.HAL_RCC_GetClockConfig)
    i.HAL_RCC_GetPCLK1Freq                   0x08001860   Section        0  stm32f1xx_hal_rcc.o(i.HAL_RCC_GetPCLK1Freq)
    i.HAL_RCC_GetPCLK2Freq                   0x08001880   Section        0  stm32f1xx_hal_rcc.o(i.HAL_RCC_GetPCLK2Freq)
    i.HAL_RCC_GetSysClockFreq                0x080018a0   Section        0  stm32f1xx_hal_rcc.o(i.HAL_RCC_GetSysClockFreq)
    i.HAL_RCC_OscConfig                      0x0800190c   Section        0  stm32f1xx_hal_rcc.o(i.HAL_RCC_OscConfig)
    i.HAL_SPI_Init                           0x08001d88   Section        0  stm32f1xx_hal_spi_ex.o(i.HAL_SPI_Init)
    i.HAL_SPI_MspInit                        0x08001f10   Section        0  stm32f1xx_hal_msp.o(i.HAL_SPI_MspInit)
    i.HAL_SPI_TransmitReceive                0x08001f80   Section        0  stm32f1xx_hal_spi.o(i.HAL_SPI_TransmitReceive)
    i.HAL_TIMEx_BreakCallback                0x080021a0   Section        0  stm32f1xx_hal_tim_ex.o(i.HAL_TIMEx_BreakCallback)
    i.HAL_TIMEx_CommutationCallback          0x080021a2   Section        0  stm32f1xx_hal_tim_ex.o(i.HAL_TIMEx_CommutationCallback)
    i.HAL_TIM_Base_Init                      0x080021a4   Section        0  stm32f1xx_hal_tim.o(i.HAL_TIM_Base_Init)
    i.HAL_TIM_Base_MspInit                   0x08002284   Section        0  stm32f1xx_hal_tim.o(i.HAL_TIM_Base_MspInit)
    i.HAL_TIM_Base_Start_IT                  0x08002288   Section        0  stm32f1xx_hal_tim.o(i.HAL_TIM_Base_Start_IT)
    i.HAL_TIM_IC_CaptureCallback             0x0800230c   Section        0  stm32f1xx_hal_tim.o(i.HAL_TIM_IC_CaptureCallback)
    i.HAL_TIM_IRQHandler                     0x0800230e   Section        0  stm32f1xx_hal_tim.o(i.HAL_TIM_IRQHandler)
    i.HAL_TIM_OC_DelayElapsedCallback        0x08002474   Section        0  stm32f1xx_hal_tim.o(i.HAL_TIM_OC_DelayElapsedCallback)
    i.HAL_TIM_PWM_PulseFinishedCallback      0x08002476   Section        0  stm32f1xx_hal_tim.o(i.HAL_TIM_PWM_PulseFinishedCallback)
    i.HAL_TIM_PeriodElapsedCallback          0x08002478   Section        0  main.o(i.HAL_TIM_PeriodElapsedCallback)
    i.HAL_TIM_TriggerCallback                0x080024ac   Section        0  stm32f1xx_hal_tim.o(i.HAL_TIM_TriggerCallback)
    i.HAL_UART_Init                          0x080024b0   Section        0  stm32f1xx_hal_uart.o(i.HAL_UART_Init)
    i.HAL_UART_MspInit                       0x080025c4   Section        0  stm32f1xx_hal_msp.o(i.HAL_UART_MspInit)
    i.HAL_UART_Transmit                      0x08002634   Section        0  stm32f1xx_hal_uart.o(i.HAL_UART_Transmit)
    i.HardFault_Handler                      0x080026ee   Section        0  stm32f1xx_it.o(i.HardFault_Handler)
    i.I2C_IsAcknowledgeFailed                0x080026f0   Section        0  stm32f1xx_hal_i2c.o(i.I2C_IsAcknowledgeFailed)
    I2C_IsAcknowledgeFailed                  0x080026f1   Thumb Code    40  stm32f1xx_hal_i2c.o(i.I2C_IsAcknowledgeFailed)
    i.I2C_RequestMemoryWrite                 0x08002718   Section        0  stm32f1xx_hal_i2c.o(i.I2C_RequestMemoryWrite)
    I2C_RequestMemoryWrite                   0x08002719   Thumb Code   156  stm32f1xx_hal_i2c.o(i.I2C_RequestMemoryWrite)
    i.I2C_WaitOnBTFFlagUntilTimeout          0x080027b8   Section        0  stm32f1xx_hal_i2c.o(i.I2C_WaitOnBTFFlagUntilTimeout)
    I2C_WaitOnBTFFlagUntilTimeout            0x080027b9   Thumb Code    78  stm32f1xx_hal_i2c.o(i.I2C_WaitOnBTFFlagUntilTimeout)
    i.I2C_WaitOnFlagUntilTimeout             0x08002806   Section        0  stm32f1xx_hal_i2c.o(i.I2C_WaitOnFlagUntilTimeout)
    I2C_WaitOnFlagUntilTimeout               0x08002807   Thumb Code    96  stm32f1xx_hal_i2c.o(i.I2C_WaitOnFlagUntilTimeout)
    i.I2C_WaitOnMasterAddressFlagUntilTimeout 0x08002868   Section        0  stm32f1xx_hal_i2c.o(i.I2C_WaitOnMasterAddressFlagUntilTimeout)
    I2C_WaitOnMasterAddressFlagUntilTimeout  0x08002869   Thumb Code   136  stm32f1xx_hal_i2c.o(i.I2C_WaitOnMasterAddressFlagUntilTimeout)
    i.I2C_WaitOnTXEFlagUntilTimeout          0x080028f0   Section        0  stm32f1xx_hal_i2c.o(i.I2C_WaitOnTXEFlagUntilTimeout)
    I2C_WaitOnTXEFlagUntilTimeout            0x080028f1   Thumb Code    78  stm32f1xx_hal_i2c.o(i.I2C_WaitOnTXEFlagUntilTimeout)
    i.MX_GPIO_Init                           0x08002940   Section        0  main.o(i.MX_GPIO_Init)
    MX_GPIO_Init                             0x08002941   Thumb Code   234  main.o(i.MX_GPIO_Init)
    i.MX_SPI1_Init                           0x08002a3c   Section        0  main.o(i.MX_SPI1_Init)
    MX_SPI1_Init                             0x08002a3d   Thumb Code    46  main.o(i.MX_SPI1_Init)
    i.MemManage_Handler                      0x08002a74   Section        0  stm32f1xx_it.o(i.MemManage_Handler)
    i.NMI_Handler                            0x08002a76   Section        0  stm32f1xx_it.o(i.NMI_Handler)
    i.NVIC_SetPriority                       0x08002a78   Section        0  stm32f1xx_hal_cortex.o(i.NVIC_SetPriority)
    NVIC_SetPriority                         0x08002a79   Thumb Code    32  stm32f1xx_hal_cortex.o(i.NVIC_SetPriority)
    i.PendSV_Handler                         0x08002a98   Section        0  stm32f1xx_it.o(i.PendSV_Handler)
    i.SPI_CheckFlag_BSY                      0x08002a9a   Section        0  stm32f1xx_hal_spi.o(i.SPI_CheckFlag_BSY)
    SPI_CheckFlag_BSY                        0x08002a9b   Thumb Code    32  stm32f1xx_hal_spi.o(i.SPI_CheckFlag_BSY)
    i.SPI_TransferData                       0x08002abc   Section        0  ads1220.o(i.SPI_TransferData)
    i.SPI_WaitFlagStateUntilTimeout          0x08002adc   Section        0  stm32f1xx_hal_spi.o(i.SPI_WaitFlagStateUntilTimeout)
    SPI_WaitFlagStateUntilTimeout            0x08002add   Thumb Code   150  stm32f1xx_hal_spi.o(i.SPI_WaitFlagStateUntilTimeout)
    i.SVC_Handler                            0x08002b72   Section        0  stm32f1xx_it.o(i.SVC_Handler)
    i.SampleFilter_init                      0x08002b74   Section        0  samplefilter.o(i.SampleFilter_init)
    i.SystemClock_Config                     0x08002b90   Section        0  main.o(i.SystemClock_Config)
    i.SystemInit                             0x08002be0   Section        0  system_stm32f1xx.o(i.SystemInit)
    i.TIM1_UP_IRQHandler                     0x08002c28   Section        0  stm32f1xx_it.o(i.TIM1_UP_IRQHandler)
    i.TIM_Base_SetConfig                     0x08002c34   Section        0  stm32f1xx_hal_tim.o(i.TIM_Base_SetConfig)
    i.UART_SetConfig                         0x08002ca0   Section        0  stm32f1xx_hal_uart.o(i.UART_SetConfig)
    UART_SetConfig                           0x08002ca1   Thumb Code   450  stm32f1xx_hal_uart.o(i.UART_SetConfig)
    i.UART_WaitOnFlagUntilTimeout            0x08002ea8   Section        0  stm32f1xx_hal_uart.o(i.UART_WaitOnFlagUntilTimeout)
    UART_WaitOnFlagUntilTimeout              0x08002ea9   Thumb Code   100  stm32f1xx_hal_uart.o(i.UART_WaitOnFlagUntilTimeout)
    i.UsageFault_Handler                     0x08002f0c   Section        0  stm32f1xx_it.o(i.UsageFault_Handler)
    i.__0printf                              0x08002f10   Section        0  printfa.o(i.__0printf)
    i.__scatterload_copy                     0x08002f30   Section       14  handlers.o(i.__scatterload_copy)
    i.__scatterload_null                     0x08002f3e   Section        2  handlers.o(i.__scatterload_null)
    i.__scatterload_zeroinit                 0x08002f40   Section       14  handlers.o(i.__scatterload_zeroinit)
    i._fp_digits                             0x08002f50   Section        0  printfa.o(i._fp_digits)
    _fp_digits                               0x08002f51   Thumb Code   366  printfa.o(i._fp_digits)
    i._printf_core                           0x080030d4   Section        0  printfa.o(i._printf_core)
    _printf_core                             0x080030d5   Thumb Code  1744  printfa.o(i._printf_core)
    i._printf_post_padding                   0x080037b0   Section        0  printfa.o(i._printf_post_padding)
    _printf_post_padding                     0x080037b1   Thumb Code    36  printfa.o(i._printf_post_padding)
    i._printf_pre_padding                    0x080037d4   Section        0  printfa.o(i._printf_pre_padding)
    _printf_pre_padding                      0x080037d5   Thumb Code    46  printfa.o(i._printf_pre_padding)
    i.assert_failed                          0x08003802   Section        0  main.o(i.assert_failed)
    i.fputc                                  0x08003804   Section        0  main_activity.o(i.fputc)
    i.get_adc                                0x0800381c   Section        0  main_activity.o(i.get_adc)
    i.init_system                            0x0800386c   Section        0  main_activity.o(i.init_system)
    i.led_blink                              0x08003a60   Section        0  main_activity.o(i.led_blink)
    i.main                                   0x08003a94   Section        0  main.o(i.main)
    i.main_activity                          0x08003b08   Section        0  main_activity.o(i.main_activity)
    i.print_db                               0x08003b1c   Section        0  ads1220.o(i.print_db)
    i.ssd1306_DrawPixel                      0x08003b48   Section        0  ssd1306.o(i.ssd1306_DrawPixel)
    i.ssd1306_Fill                           0x08003b8c   Section        0  ssd1306.o(i.ssd1306_Fill)
    i.ssd1306_Init                           0x08003bac   Section        0  ssd1306.o(i.ssd1306_Init)
    i.ssd1306_SetCursor                      0x08003c70   Section        0  ssd1306.o(i.ssd1306_SetCursor)
    i.ssd1306_UpdateScreen                   0x08003c7c   Section        0  ssd1306.o(i.ssd1306_UpdateScreen)
    i.ssd1306_WriteChar                      0x08003ccc   Section        0  ssd1306.o(i.ssd1306_WriteChar)
    i.ssd1306_WriteCommand                   0x08003d68   Section        0  ssd1306.o(i.ssd1306_WriteCommand)
    ssd1306_WriteCommand                     0x08003d69   Thumb Code    30  ssd1306.o(i.ssd1306_WriteCommand)
    i.ssd1306_WriteString                    0x08003d8c   Section        0  ssd1306.o(i.ssd1306_WriteString)
    .constdata                               0x08003db8   Section     1900  fonts.o(.constdata)
    Font7x10                                 0x08003db8   Data        1900  fonts.o(.constdata)
    .constdata                               0x08004524   Section       16  system_stm32f1xx.o(.constdata)
    .constdata                               0x08004534   Section        8  system_stm32f1xx.o(.constdata)
    .data                                    0x20000000   Section       16  main_activity.o(.data)
    .data                                    0x20000010   Section       15  ads1220.o(.data)
    SPI_Buff                                 0x20000019   Data           3  ads1220.o(.data)
    SPI_Buff                                 0x2000001c   Data           3  ads1220.o(.data)
    .data                                    0x20000020   Section        8  fonts.o(.data)
    .data                                    0x20000028   Section        6  ssd1306.o(.data)
    SSD1306                                  0x20000028   Data           6  ssd1306.o(.data)
    .data                                    0x20000030   Section        4  main.o(.data)
    .data                                    0x20000034   Section       12  stm32f1xx_hal.o(.data)
    .data                                    0x20000040   Section        4  system_stm32f1xx.o(.data)
    .data                                    0x20000044   Section        4  stdout.o(.data)
    .bss                                     0x20000048   Section      224  main_activity.o(.bss)
    .bss                                     0x20000128   Section      104  ads1220.o(.bss)
    .bss                                     0x20000190   Section     1056  ssd1306.o(.bss)
    SSD1306_Buffer                           0x20000190   Data        1056  ssd1306.o(.bss)
    .bss                                     0x200005b0   Section      236  main.o(.bss)
    .bss                                     0x2000069c   Section       64  stm32f1xx_hal_timebase_tim.o(.bss)
    STACK                                    0x200006e0   Section     2048  startup_stm32f103xb.o(STACK)

    Global Symbols

    Symbol Name                              Value     Ov Type        Size  Object(Section)

    BuildAttributes$$THM_ISAv4$P$D$K$B$S$PE$A:L22UL41UL21$X:L11$S22US41US21$IEEE1$IW$USESV6$~STKCKD$USESV7$~SHL$OTIME$ROPI$IEEEX$EBA8$MICROLIB$REQ8$PRES8$EABIv2 0x00000000   Number         0  anon$$obj.o ABSOLUTE
    __ARM_use_no_argv                        0x00000000   Number         0  main.o ABSOLUTE
    _printf_a                                0x00000000   Number         0  stubs.o ABSOLUTE
    _printf_c                                0x00000000   Number         0  stubs.o ABSOLUTE
    _printf_charcount                        0x00000000   Number         0  stubs.o ABSOLUTE
    _printf_d                                0x00000000   Number         0  stubs.o ABSOLUTE
    _printf_e                                0x00000000   Number         0  stubs.o ABSOLUTE
    _printf_f                                0x00000000   Number         0  stubs.o ABSOLUTE
    _printf_flags                            0x00000000   Number         0  stubs.o ABSOLUTE
    _printf_fp_dec                           0x00000000   Number         0  stubs.o ABSOLUTE
    _printf_fp_hex                           0x00000000   Number         0  stubs.o ABSOLUTE
    _printf_g                                0x00000000   Number         0  stubs.o ABSOLUTE
    _printf_i                                0x00000000   Number         0  stubs.o ABSOLUTE
    _printf_int_dec                          0x00000000   Number         0  stubs.o ABSOLUTE
    _printf_l                                0x00000000   Number         0  stubs.o ABSOLUTE
    _printf_lc                               0x00000000   Number         0  stubs.o ABSOLUTE
    _printf_ll                               0x00000000   Number         0  stubs.o ABSOLUTE
    _printf_lld                              0x00000000   Number         0  stubs.o ABSOLUTE
    _printf_lli                              0x00000000   Number         0  stubs.o ABSOLUTE
    _printf_llo                              0x00000000   Number         0  stubs.o ABSOLUTE
    _printf_llu                              0x00000000   Number         0  stubs.o ABSOLUTE
    _printf_llx                              0x00000000   Number         0  stubs.o ABSOLUTE
    _printf_longlong_dec                     0x00000000   Number         0  stubs.o ABSOLUTE
    _printf_longlong_hex                     0x00000000   Number         0  stubs.o ABSOLUTE
    _printf_longlong_oct                     0x00000000   Number         0  stubs.o ABSOLUTE
    _printf_ls                               0x00000000   Number         0  stubs.o ABSOLUTE
    _printf_mbtowc                           0x00000000   Number         0  stubs.o ABSOLUTE
    _printf_n                                0x00000000   Number         0  stubs.o ABSOLUTE
    _printf_o                                0x00000000   Number         0  stubs.o ABSOLUTE
    _printf_p                                0x00000000   Number         0  stubs.o ABSOLUTE
    _printf_percent                          0x00000000   Number         0  stubs.o ABSOLUTE
    _printf_pre_padding                      0x00000000   Number         0  stubs.o ABSOLUTE
    _printf_return_value                     0x00000000   Number         0  stubs.o ABSOLUTE
    _printf_s                                0x00000000   Number         0  stubs.o ABSOLUTE
    _printf_sizespec                         0x00000000   Number         0  stubs.o ABSOLUTE
    _printf_str                              0x00000000   Number         0  stubs.o ABSOLUTE
    _printf_truncate_signed                  0x00000000   Number         0  stubs.o ABSOLUTE
    _printf_truncate_unsigned                0x00000000   Number         0  stubs.o ABSOLUTE
    _printf_u                                0x00000000   Number         0  stubs.o ABSOLUTE
    _printf_wc                               0x00000000   Number         0  stubs.o ABSOLUTE
    _printf_wctomb                           0x00000000   Number         0  stubs.o ABSOLUTE
    _printf_widthprec                        0x00000000   Number         0  stubs.o ABSOLUTE
    _printf_x                                0x00000000   Number         0  stubs.o ABSOLUTE
    __cpp_initialize__aeabi_                  - Undefined Weak Reference
    __cxa_finalize                            - Undefined Weak Reference
    __decompress                              - Undefined Weak Reference
    _clock_init                               - Undefined Weak Reference
    _microlib_exit                            - Undefined Weak Reference
    __Vectors_Size                           0x000000ec   Number         0  startup_stm32f103xb.o ABSOLUTE
    __Vectors                                0x08000000   Data           4  startup_stm32f103xb.o(RESET)
    __Vectors_End                            0x080000ec   Data           0  startup_stm32f103xb.o(RESET)
    __main                                   0x080000ed   Thumb Code     0  entry.o(.ARM.Collect$$$$00000000)
    _main_stk                                0x080000ed   Thumb Code     0  entry2.o(.ARM.Collect$$$$00000001)
    _main_scatterload                        0x080000f1   Thumb Code     0  entry5.o(.ARM.Collect$$$$00000004)
    __main_after_scatterload                 0x080000f5   Thumb Code     0  entry5.o(.ARM.Collect$$$$00000004)
    _main_clock                              0x080000f5   Thumb Code     0  entry7b.o(.ARM.Collect$$$$00000008)
    _main_cpp_init                           0x080000f5   Thumb Code     0  entry8b.o(.ARM.Collect$$$$0000000A)
    _main_init                               0x080000f5   Thumb Code     0  entry9a.o(.ARM.Collect$$$$0000000B)
    __rt_final_cpp                           0x080000fd   Thumb Code     0  entry10a.o(.ARM.Collect$$$$0000000D)
    __rt_final_exit                          0x080000fd   Thumb Code     0  entry11a.o(.ARM.Collect$$$$0000000F)
    Reset_Handler                            0x08000101   Thumb Code     8  startup_stm32f103xb.o(.text)
    SysTick_Handler                          0x08000119   Thumb Code     2  startup_stm32f103xb.o(.text)
    ADC1_2_IRQHandler                        0x0800011b   Thumb Code     0  startup_stm32f103xb.o(.text)
    CAN1_RX1_IRQHandler                      0x0800011b   Thumb Code     0  startup_stm32f103xb.o(.text)
    CAN1_SCE_IRQHandler                      0x0800011b   Thumb Code     0  startup_stm32f103xb.o(.text)
    DMA1_Channel1_IRQHandler                 0x0800011b   Thumb Code     0  startup_stm32f103xb.o(.text)
    DMA1_Channel2_IRQHandler                 0x0800011b   Thumb Code     0  startup_stm32f103xb.o(.text)
    DMA1_Channel3_IRQHandler                 0x0800011b   Thumb Code     0  startup_stm32f103xb.o(.text)
    DMA1_Channel4_IRQHandler                 0x0800011b   Thumb Code     0  startup_stm32f103xb.o(.text)
    DMA1_Channel5_IRQHandler                 0x0800011b   Thumb Code     0  startup_stm32f103xb.o(.text)
    DMA1_Channel6_IRQHandler                 0x0800011b   Thumb Code     0  startup_stm32f103xb.o(.text)
    DMA1_Channel7_IRQHandler                 0x0800011b   Thumb Code     0  startup_stm32f103xb.o(.text)
    EXTI0_IRQHandler                         0x0800011b   Thumb Code     0  startup_stm32f103xb.o(.text)
    EXTI15_10_IRQHandler                     0x0800011b   Thumb Code     0  startup_stm32f103xb.o(.text)
    EXTI1_IRQHandler                         0x0800011b   Thumb Code     0  startup_stm32f103xb.o(.text)
    EXTI2_IRQHandler                         0x0800011b   Thumb Code     0  startup_stm32f103xb.o(.text)
    EXTI3_IRQHandler                         0x0800011b   Thumb Code     0  startup_stm32f103xb.o(.text)
    EXTI4_IRQHandler                         0x0800011b   Thumb Code     0  startup_stm32f103xb.o(.text)
    EXTI9_5_IRQHandler                       0x0800011b   Thumb Code     0  startup_stm32f103xb.o(.text)
    FLASH_IRQHandler                         0x0800011b   Thumb Code     0  startup_stm32f103xb.o(.text)
    I2C1_ER_IRQHandler                       0x0800011b   Thumb Code     0  startup_stm32f103xb.o(.text)
    I2C1_EV_IRQHandler                       0x0800011b   Thumb Code     0  startup_stm32f103xb.o(.text)
    I2C2_ER_IRQHandler                       0x0800011b   Thumb Code     0  startup_stm32f103xb.o(.text)
    I2C2_EV_IRQHandler                       0x0800011b   Thumb Code     0  startup_stm32f103xb.o(.text)
    PVD_IRQHandler                           0x0800011b   Thumb Code     0  startup_stm32f103xb.o(.text)
    RCC_IRQHandler                           0x0800011b   Thumb Code     0  startup_stm32f103xb.o(.text)
    RTC_Alarm_IRQHandler                     0x0800011b   Thumb Code     0  startup_stm32f103xb.o(.text)
    RTC_IRQHandler                           0x0800011b   Thumb Code     0  startup_stm32f103xb.o(.text)
    SPI1_IRQHandler                          0x0800011b   Thumb Code     0  startup_stm32f103xb.o(.text)
    SPI2_IRQHandler                          0x0800011b   Thumb Code     0  startup_stm32f103xb.o(.text)
    TAMPER_IRQHandler                        0x0800011b   Thumb Code     0  startup_stm32f103xb.o(.text)
    TIM1_BRK_IRQHandler                      0x0800011b   Thumb Code     0  startup_stm32f103xb.o(.text)
    TIM1_CC_IRQHandler                       0x0800011b   Thumb Code     0  startup_stm32f103xb.o(.text)
    TIM1_TRG_COM_IRQHandler                  0x0800011b   Thumb Code     0  startup_stm32f103xb.o(.text)
    TIM2_IRQHandler                          0x0800011b   Thumb Code     0  startup_stm32f103xb.o(.text)
    TIM3_IRQHandler                          0x0800011b   Thumb Code     0  startup_stm32f103xb.o(.text)
    TIM4_IRQHandler                          0x0800011b   Thumb Code     0  startup_stm32f103xb.o(.text)
    USART1_IRQHandler                        0x0800011b   Thumb Code     0  startup_stm32f103xb.o(.text)
    USART2_IRQHandler                        0x0800011b   Thumb Code     0  startup_stm32f103xb.o(.text)
    USART3_IRQHandler                        0x0800011b   Thumb Code     0  startup_stm32f103xb.o(.text)
    USBWakeUp_IRQHandler                     0x0800011b   Thumb Code     0  startup_stm32f103xb.o(.text)
    USB_HP_CAN1_TX_IRQHandler                0x0800011b   Thumb Code     0  startup_stm32f103xb.o(.text)
    USB_LP_CAN1_RX0_IRQHandler               0x0800011b   Thumb Code     0  startup_stm32f103xb.o(.text)
    WWDG_IRQHandler                          0x0800011b   Thumb Code     0  startup_stm32f103xb.o(.text)
    __aeabi_llsr                             0x08000125   Thumb Code    32  llushr.o(.text)
    _ll_ushift_r                             0x08000125   Thumb Code     0  llushr.o(.text)
    __aeabi_memcpy                           0x08000145   Thumb Code    36  memcpya.o(.text)
    __aeabi_memcpy4                          0x08000145   Thumb Code     0  memcpya.o(.text)
    __aeabi_memcpy8                          0x08000145   Thumb Code     0  memcpya.o(.text)
    __aeabi_memset                           0x08000169   Thumb Code    14  memseta.o(.text)
    __aeabi_memset4                          0x08000169   Thumb Code     0  memseta.o(.text)
    __aeabi_memset8                          0x08000169   Thumb Code     0  memseta.o(.text)
    __aeabi_memclr                           0x08000177   Thumb Code     4  memseta.o(.text)
    __aeabi_memclr4                          0x08000177   Thumb Code     0  memseta.o(.text)
    __aeabi_memclr8                          0x08000177   Thumb Code     0  memseta.o(.text)
    _memset$wrapper                          0x0800017b   Thumb Code    18  memseta.o(.text)
    __aeabi_dadd                             0x0800018d   Thumb Code   322  dadd.o(.text)
    __aeabi_dsub                             0x080002cf   Thumb Code     6  dadd.o(.text)
    __aeabi_drsub                            0x080002d5   Thumb Code     6  dadd.o(.text)
    __aeabi_dmul                             0x080002db   Thumb Code   228  dmul.o(.text)
    __aeabi_ddiv                             0x080003bf   Thumb Code   222  ddiv.o(.text)
    __aeabi_i2d                              0x0800049d   Thumb Code    34  dflti.o(.text)
    __aeabi_f2d                              0x080004bf   Thumb Code    38  f2d.o(.text)
    __aeabi_d2f                              0x080004e5   Thumb Code    56  d2f.o(.text)
    __aeabi_uidiv                            0x0800051d   Thumb Code     0  uidiv.o(.text)
    __aeabi_uidivmod                         0x0800051d   Thumb Code    44  uidiv.o(.text)
    __aeabi_uldivmod                         0x08000549   Thumb Code    98  uldiv.o(.text)
    __aeabi_llsl                             0x080005ab   Thumb Code    30  llshl.o(.text)
    _ll_shift_l                              0x080005ab   Thumb Code     0  llshl.o(.text)
    __aeabi_lasr                             0x080005c9   Thumb Code    36  llsshr.o(.text)
    _ll_sshift_r                             0x080005c9   Thumb Code     0  llsshr.o(.text)
    __I$use$fp                               0x080005ed   Thumb Code     0  iusefp.o(.text)
    _float_round                             0x080005ed   Thumb Code    18  fepilogue.o(.text)
    _float_epilogue                          0x080005ff   Thumb Code    92  fepilogue.o(.text)
    _double_round                            0x0800065b   Thumb Code    30  depilogue.o(.text)
    _double_epilogue                         0x08000679   Thumb Code   156  depilogue.o(.text)
    __aeabi_d2ulz                            0x08000715   Thumb Code    48  dfixul.o(.text)
    __aeabi_cdrcmple                         0x08000745   Thumb Code    48  cdrcmple.o(.text)
    __scatterload                            0x08000775   Thumb Code    28  init.o(.text)
    __scatterload_rt2                        0x08000775   Thumb Code     0  init.o(.text)
    ADS1220_Command                          0x08000799   Thumb Code    84  ads1220.o(i.ADS1220_Command)
    ADS1220_Read_WaitForData                 0x080007f1   Thumb Code    92  ads1220.o(i.ADS1220_Read_WaitForData)
    ADS1220_Start                            0x08000855   Thumb Code     6  ads1220.o(i.ADS1220_Start)
    ADS1220_convertToMilliV                  0x0800085d   Thumb Code    40  ads1220.o(i.ADS1220_convertToMilliV)
    ADS1220_init                             0x08000895   Thumb Code   186  ads1220.o(i.ADS1220_init)
    ADS1220_readRegister                     0x08000985   Thumb Code    72  ads1220.o(i.ADS1220_readRegister)
    ADS1220_select_mux_channels              0x080009d1   Thumb Code    20  ads1220.o(i.ADS1220_select_mux_channels)
    ADS1220_set_data_rate                    0x080009e9   Thumb Code    20  ads1220.o(i.ADS1220_set_data_rate)
    ADS1220_set_pga_gain                     0x08000a01   Thumb Code    20  ads1220.o(i.ADS1220_set_pga_gain)
    ADS1220_writeRegister                    0x08000a19   Thumb Code    72  ads1220.o(i.ADS1220_writeRegister)
    BusFault_Handler                         0x08000a65   Thumb Code     2  stm32f1xx_it.o(i.BusFault_Handler)
    DebugMon_Handler                         0x08000a67   Thumb Code     2  stm32f1xx_it.o(i.DebugMon_Handler)
    HAL_Delay                                0x08000a69   Thumb Code    32  stm32f1xx_hal.o(i.HAL_Delay)
    HAL_GPIO_Init                            0x08000a8d   Thumb Code   688  stm32f1xx_hal_gpio.o(i.HAL_GPIO_Init)
    HAL_GPIO_ReadPin                         0x08000db5   Thumb Code    28  stm32f1xx_hal_gpio.o(i.HAL_GPIO_ReadPin)
    HAL_GPIO_TogglePin                       0x08000e0d   Thumb Code    26  stm32f1xx_hal_gpio.o(i.HAL_GPIO_TogglePin)
    HAL_GPIO_WritePin                        0x08000e65   Thumb Code    46  stm32f1xx_hal_gpio.o(i.HAL_GPIO_WritePin)
    HAL_GetTick                              0x08000ed1   Thumb Code     6  stm32f1xx_hal.o(i.HAL_GetTick)
    HAL_I2C_Init                             0x08000edd   Thumb Code   482  stm32f1xx_hal_i2c.o(i.HAL_I2C_Init)
    HAL_I2C_Mem_Write                        0x08001115   Thumb Code   324  stm32f1xx_hal_i2c.o(i.HAL_I2C_Mem_Write)
    HAL_I2C_MspInit                          0x08001299   Thumb Code    80  stm32f1xx_hal_msp.o(i.HAL_I2C_MspInit)
    HAL_IncTick                              0x080012f5   Thumb Code    12  stm32f1xx_hal.o(i.HAL_IncTick)
    HAL_Init                                 0x08001305   Thumb Code    32  stm32f1xx_hal.o(i.HAL_Init)
    HAL_InitTick                             0x08001329   Thumb Code    98  stm32f1xx_hal_timebase_tim.o(i.HAL_InitTick)
    HAL_MspInit                              0x0800139d   Thumb Code    52  stm32f1xx_hal_msp.o(i.HAL_MspInit)
    HAL_NVIC_EnableIRQ                       0x080013d9   Thumb Code    36  stm32f1xx_hal_cortex.o(i.HAL_NVIC_EnableIRQ)
    HAL_NVIC_SetPriority                     0x08001439   Thumb Code    94  stm32f1xx_hal_cortex.o(i.HAL_NVIC_SetPriority)
    HAL_NVIC_SetPriorityGrouping             0x080014d9   Thumb Code    58  stm32f1xx_hal_cortex.o(i.HAL_NVIC_SetPriorityGrouping)
    HAL_RCC_ClockConfig                      0x08001559   Thumb Code   554  stm32f1xx_hal_rcc.o(i.HAL_RCC_ClockConfig)
    HAL_RCC_GetClockConfig                   0x080017cd   Thumb Code    84  stm32f1xx_hal_rcc.o(i.HAL_RCC_GetClockConfig)
    HAL_RCC_GetPCLK1Freq                     0x08001861   Thumb Code    20  stm32f1xx_hal_rcc.o(i.HAL_RCC_GetPCLK1Freq)
    HAL_RCC_GetPCLK2Freq                     0x08001881   Thumb Code    20  stm32f1xx_hal_rcc.o(i.HAL_RCC_GetPCLK2Freq)
    HAL_RCC_GetSysClockFreq                  0x080018a1   Thumb Code    74  stm32f1xx_hal_rcc.o(i.HAL_RCC_GetSysClockFreq)
    HAL_RCC_OscConfig                        0x0800190d   Thumb Code  1146  stm32f1xx_hal_rcc.o(i.HAL_RCC_OscConfig)
    HAL_SPI_Init                             0x08001d89   Thumb Code   324  stm32f1xx_hal_spi_ex.o(i.HAL_SPI_Init)
    HAL_SPI_MspInit                          0x08001f11   Thumb Code    98  stm32f1xx_hal_msp.o(i.HAL_SPI_MspInit)
    HAL_SPI_TransmitReceive                  0x08001f81   Thumb Code   488  stm32f1xx_hal_spi.o(i.HAL_SPI_TransmitReceive)
    HAL_TIMEx_BreakCallback                  0x080021a1   Thumb Code     2  stm32f1xx_hal_tim_ex.o(i.HAL_TIMEx_BreakCallback)
    HAL_TIMEx_CommutationCallback            0x080021a3   Thumb Code     2  stm32f1xx_hal_tim_ex.o(i.HAL_TIMEx_CommutationCallback)
    HAL_TIM_Base_Init                        0x080021a5   Thumb Code   156  stm32f1xx_hal_tim.o(i.HAL_TIM_Base_Init)
    HAL_TIM_Base_MspInit                     0x08002285   Thumb Code     2  stm32f1xx_hal_tim.o(i.HAL_TIM_Base_MspInit)
    HAL_TIM_Base_Start_IT                    0x08002289   Thumb Code    64  stm32f1xx_hal_tim.o(i.HAL_TIM_Base_Start_IT)
    HAL_TIM_IC_CaptureCallback               0x0800230d   Thumb Code     2  stm32f1xx_hal_tim.o(i.HAL_TIM_IC_CaptureCallback)
    HAL_TIM_IRQHandler                       0x0800230f   Thumb Code   358  stm32f1xx_hal_tim.o(i.HAL_TIM_IRQHandler)
    HAL_TIM_OC_DelayElapsedCallback          0x08002475   Thumb Code     2  stm32f1xx_hal_tim.o(i.HAL_TIM_OC_DelayElapsedCallback)
    HAL_TIM_PWM_PulseFinishedCallback        0x08002477   Thumb Code     2  stm32f1xx_hal_tim.o(i.HAL_TIM_PWM_PulseFinishedCallback)
    HAL_TIM_PeriodElapsedCallback            0x08002479   Thumb Code    44  main.o(i.HAL_TIM_PeriodElapsedCallback)
    HAL_TIM_TriggerCallback                  0x080024ad   Thumb Code     2  stm32f1xx_hal_tim.o(i.HAL_TIM_TriggerCallback)
    HAL_UART_Init                            0x080024b1   Thumb Code   204  stm32f1xx_hal_uart.o(i.HAL_UART_Init)
    HAL_UART_MspInit                         0x080025c5   Thumb Code   100  stm32f1xx_hal_msp.o(i.HAL_UART_MspInit)
    HAL_UART_Transmit                        0x08002635   Thumb Code   186  stm32f1xx_hal_uart.o(i.HAL_UART_Transmit)
    HardFault_Handler                        0x080026ef   Thumb Code     2  stm32f1xx_it.o(i.HardFault_Handler)
    MemManage_Handler                        0x08002a75   Thumb Code     2  stm32f1xx_it.o(i.MemManage_Handler)
    NMI_Handler                              0x08002a77   Thumb Code     2  stm32f1xx_it.o(i.NMI_Handler)
    PendSV_Handler                           0x08002a99   Thumb Code     2  stm32f1xx_it.o(i.PendSV_Handler)
    SPI_TransferData                         0x08002abd   Thumb Code    28  ads1220.o(i.SPI_TransferData)
    SVC_Handler                              0x08002b73   Thumb Code     2  stm32f1xx_it.o(i.SVC_Handler)
    SampleFilter_init                        0x08002b75   Thumb Code    28  samplefilter.o(i.SampleFilter_init)
    SystemClock_Config                       0x08002b91   Thumb Code    78  main.o(i.SystemClock_Config)
    SystemInit                               0x08002be1   Thumb Code    56  system_stm32f1xx.o(i.SystemInit)
    TIM1_UP_IRQHandler                       0x08002c29   Thumb Code     6  stm32f1xx_it.o(i.TIM1_UP_IRQHandler)
    TIM_Base_SetConfig                       0x08002c35   Thumb Code    94  stm32f1xx_hal_tim.o(i.TIM_Base_SetConfig)
    UsageFault_Handler                       0x08002f0d   Thumb Code     2  stm32f1xx_it.o(i.UsageFault_Handler)
    __0printf                                0x08002f11   Thumb Code    22  printfa.o(i.__0printf)
    __1printf                                0x08002f11   Thumb Code     0  printfa.o(i.__0printf)
    __2printf                                0x08002f11   Thumb Code     0  printfa.o(i.__0printf)
    __c89printf                              0x08002f11   Thumb Code     0  printfa.o(i.__0printf)
    printf                                   0x08002f11   Thumb Code     0  printfa.o(i.__0printf)
    __scatterload_copy                       0x08002f31   Thumb Code    14  handlers.o(i.__scatterload_copy)
    __scatterload_null                       0x08002f3f   Thumb Code     2  handlers.o(i.__scatterload_null)
    __scatterload_zeroinit                   0x08002f41   Thumb Code    14  handlers.o(i.__scatterload_zeroinit)
    assert_failed                            0x08003803   Thumb Code     2  main.o(i.assert_failed)
    fputc                                    0x08003805   Thumb Code    18  main_activity.o(i.fputc)
    get_adc                                  0x0800381d   Thumb Code    48  main_activity.o(i.get_adc)
    init_system                              0x0800386d   Thumb Code   346  main_activity.o(i.init_system)
    led_blink                                0x08003a61   Thumb Code    44  main_activity.o(i.led_blink)
    main                                     0x08003a95   Thumb Code    96  main.o(i.main)
    main_activity                            0x08003b09   Thumb Code    18  main_activity.o(i.main_activity)
    print_db                                 0x08003b1d   Thumb Code    24  ads1220.o(i.print_db)
    ssd1306_DrawPixel                        0x08003b49   Thumb Code    58  ssd1306.o(i.ssd1306_DrawPixel)
    ssd1306_Fill                             0x08003b8d   Thumb Code    28  ssd1306.o(i.ssd1306_Fill)
    ssd1306_Init                             0x08003bad   Thumb Code   190  ssd1306.o(i.ssd1306_Init)
    ssd1306_SetCursor                        0x08003c71   Thumb Code     8  ssd1306.o(i.ssd1306_SetCursor)
    ssd1306_UpdateScreen                     0x08003c7d   Thumb Code    70  ssd1306.o(i.ssd1306_UpdateScreen)
    ssd1306_WriteChar                        0x08003ccd   Thumb Code   150  ssd1306.o(i.ssd1306_WriteChar)
    ssd1306_WriteString                      0x08003d8d   Thumb Code    44  ssd1306.o(i.ssd1306_WriteString)
    AHBPrescTable                            0x08004524   Data          16  system_stm32f1xx.o(.constdata)
    APBPrescTable                            0x08004534   Data           8  system_stm32f1xx.o(.constdata)
    Region$$Table$$Base                      0x0800453c   Number         0  anon$$obj.o(Region$$Table)
    Region$$Table$$Limit                     0x0800455c   Number         0  anon$$obj.o(Region$$Table)
    led_sevice_freq                          0x20000000   Data           4  main_activity.o(.data)
    notfication_sevice_freq                  0x20000004   Data           4  main_activity.o(.data)
    get_adc_sevice_freq                      0x20000008   Data           4  main_activity.o(.data)
    acc                                      0x2000000c   Data           4  main_activity.o(.data)
    m_config_reg0                            0x20000010   Data           1  ads1220.o(.data)
    m_config_reg1                            0x20000011   Data           1  ads1220.o(.data)
    m_config_reg2                            0x20000012   Data           1  ads1220.o(.data)
    m_config_reg3                            0x20000013   Data           1  ads1220.o(.data)
    Config_Reg0                              0x20000014   Data           1  ads1220.o(.data)
    Config_Reg1                              0x20000015   Data           1  ads1220.o(.data)
    Config_Reg2                              0x20000016   Data           1  ads1220.o(.data)
    Config_Reg3                              0x20000017   Data           1  ads1220.o(.data)
    NewDataAvailable                         0x20000018   Data           1  ads1220.o(.data)
    Font_7x10                                0x20000020   Data           8  fonts.o(.data)
    tick                                     0x20000030   Data           4  main.o(.data)
    uwTickFreq                               0x20000034   Data           1  stm32f1xx_hal.o(.data)
    uwTickPrio                               0x20000038   Data           4  stm32f1xx_hal.o(.data)
    uwTick                                   0x2000003c   Data           4  stm32f1xx_hal.o(.data)
    SystemCoreClock                          0x20000040   Data           4  system_stm32f1xx.o(.data)
    __stdout                                 0x20000044   Data           4  stdout.o(.data)
    f                                        0x20000048   Data         224  main_activity.o(.bss)
    ADS1220                                  0x20000128   Data         104  ads1220.o(.bss)
    hi2c1                                    0x200005b0   Data          84  main.o(.bss)
    hspi1                                    0x20000604   Data          88  main.o(.bss)
    huart1                                   0x2000065c   Data          64  main.o(.bss)
    htim1                                    0x2000069c   Data          64  stm32f1xx_hal_timebase_tim.o(.bss)
    __initial_sp                             0x20000ee0   Data           0  startup_stm32f103xb.o(STACK)



==============================================================================

Memory Map of the image

  Image Entry point : 0x080000ed

  Load Region LR_IROM1 (Base: 0x08000000, Size: 0x000045a4, Max: 0x00010000, ABSOLUTE)

    Execution Region ER_IROM1 (Exec base: 0x08000000, Load base: 0x08000000, Size: 0x0000455c, Max: 0x00010000, ABSOLUTE)

    Exec Addr    Load Addr    Size         Type   Attr      Idx    E Section Name        Object

    0x08000000   0x08000000   0x000000ec   Data   RO            3    RESET               startup_stm32f103xb.o
    0x080000ec   0x080000ec   0x00000000   Code   RO         3659  * .ARM.Collect$$$$00000000  mc_w.l(entry.o)
    0x080000ec   0x080000ec   0x00000004   Code   RO         3976    .ARM.Collect$$$$00000001  mc_w.l(entry2.o)
    0x080000f0   0x080000f0   0x00000004   Code   RO         3979    .ARM.Collect$$$$00000004  mc_w.l(entry5.o)
    0x080000f4   0x080000f4   0x00000000   Code   RO         3981    .ARM.Collect$$$$00000008  mc_w.l(entry7b.o)
    0x080000f4   0x080000f4   0x00000000   Code   RO         3983    .ARM.Collect$$$$0000000A  mc_w.l(entry8b.o)
    0x080000f4   0x080000f4   0x00000008   Code   RO         3984    .ARM.Collect$$$$0000000B  mc_w.l(entry9a.o)
    0x080000fc   0x080000fc   0x00000000   Code   RO         3986    .ARM.Collect$$$$0000000D  mc_w.l(entry10a.o)
    0x080000fc   0x080000fc   0x00000000   Code   RO         3988    .ARM.Collect$$$$0000000F  mc_w.l(entry11a.o)
    0x080000fc   0x080000fc   0x00000004   Code   RO         3977    .ARM.Collect$$$$00002712  mc_w.l(entry2.o)
    0x08000100   0x08000100   0x00000024   Code   RO            4    .text               startup_stm32f103xb.o
    0x08000124   0x08000124   0x00000020   Code   RO         3662    .text               mc_w.l(llushr.o)
    0x08000144   0x08000144   0x00000024   Code   RO         3664    .text               mc_w.l(memcpya.o)
    0x08000168   0x08000168   0x00000024   Code   RO         3666    .text               mc_w.l(memseta.o)
    0x0800018c   0x0800018c   0x0000014e   Code   RO         3933    .text               mf_w.l(dadd.o)
    0x080002da   0x080002da   0x000000e4   Code   RO         3935    .text               mf_w.l(dmul.o)
    0x080003be   0x080003be   0x000000de   Code   RO         3937    .text               mf_w.l(ddiv.o)
    0x0800049c   0x0800049c   0x00000022   Code   RO         3941    .text               mf_w.l(dflti.o)
    0x080004be   0x080004be   0x00000026   Code   RO         3945    .text               mf_w.l(f2d.o)
    0x080004e4   0x080004e4   0x00000038   Code   RO         3947    .text               mf_w.l(d2f.o)
    0x0800051c   0x0800051c   0x0000002c   Code   RO         3991    .text               mc_w.l(uidiv.o)
    0x08000548   0x08000548   0x00000062   Code   RO         3993    .text               mc_w.l(uldiv.o)
    0x080005aa   0x080005aa   0x0000001e   Code   RO         3995    .text               mc_w.l(llshl.o)
    0x080005c8   0x080005c8   0x00000024   Code   RO         3997    .text               mc_w.l(llsshr.o)
    0x080005ec   0x080005ec   0x00000000   Code   RO         4006    .text               mc_w.l(iusefp.o)
    0x080005ec   0x080005ec   0x0000006e   Code   RO         4007    .text               mf_w.l(fepilogue.o)
    0x0800065a   0x0800065a   0x000000ba   Code   RO         4009    .text               mf_w.l(depilogue.o)
    0x08000714   0x08000714   0x00000030   Code   RO         4013    .text               mf_w.l(dfixul.o)
    0x08000744   0x08000744   0x00000030   Code   RO         4015    .text               mf_w.l(cdrcmple.o)
    0x08000774   0x08000774   0x00000024   Code   RO         4017    .text               mc_w.l(init.o)
    0x08000798   0x08000798   0x00000058   Code   RO          203    i.ADS1220_Command   ads1220.o
    0x080007f0   0x080007f0   0x00000064   Code   RO          208    i.ADS1220_Read_WaitForData  ads1220.o
    0x08000854   0x08000854   0x00000006   Code   RO          211    i.ADS1220_Start     ads1220.o
    0x0800085a   0x0800085a   0x00000002   PAD
    0x0800085c   0x0800085c   0x00000038   Code   RO          212    i.ADS1220_convertToMilliV  ads1220.o
    0x08000894   0x08000894   0x000000f0   Code   RO          213    i.ADS1220_init      ads1220.o
    0x08000984   0x08000984   0x0000004c   Code   RO          214    i.ADS1220_readRegister  ads1220.o
    0x080009d0   0x080009d0   0x00000018   Code   RO          215    i.ADS1220_select_mux_channels  ads1220.o
    0x080009e8   0x080009e8   0x00000018   Code   RO          218    i.ADS1220_set_data_rate  ads1220.o
    0x08000a00   0x08000a00   0x00000018   Code   RO          219    i.ADS1220_set_pga_gain  ads1220.o
    0x08000a18   0x08000a18   0x0000004c   Code   RO          220    i.ADS1220_writeRegister  ads1220.o
    0x08000a64   0x08000a64   0x00000002   Code   RO          567    i.BusFault_Handler  stm32f1xx_it.o
    0x08000a66   0x08000a66   0x00000002   Code   RO          568    i.DebugMon_Handler  stm32f1xx_it.o
    0x08000a68   0x08000a68   0x00000024   Code   RO         2720    i.HAL_Delay         stm32f1xx_hal.o
    0x08000a8c   0x08000a8c   0x00000328   Code   RO         3016    i.HAL_GPIO_Init     stm32f1xx_hal_gpio.o
    0x08000db4   0x08000db4   0x00000058   Code   RO         3018    i.HAL_GPIO_ReadPin  stm32f1xx_hal_gpio.o
    0x08000e0c   0x08000e0c   0x00000058   Code   RO         3019    i.HAL_GPIO_TogglePin  stm32f1xx_hal_gpio.o
    0x08000e64   0x08000e64   0x0000006c   Code   RO         3020    i.HAL_GPIO_WritePin  stm32f1xx_hal_gpio.o
    0x08000ed0   0x08000ed0   0x0000000c   Code   RO         2724    i.HAL_GetTick       stm32f1xx_hal.o
    0x08000edc   0x08000edc   0x00000238   Code   RO          789    i.HAL_I2C_Init      stm32f1xx_hal_i2c.o
    0x08001114   0x08001114   0x00000184   Code   RO          808    i.HAL_I2C_Mem_Write  stm32f1xx_hal_i2c.o
    0x08001298   0x08001298   0x0000005c   Code   RO          644    i.HAL_I2C_MspInit   stm32f1xx_hal_msp.o
    0x080012f4   0x080012f4   0x00000010   Code   RO         2728    i.HAL_IncTick       stm32f1xx_hal.o
    0x08001304   0x08001304   0x00000024   Code   RO         2729    i.HAL_Init          stm32f1xx_hal.o
    0x08001328   0x08001328   0x00000074   Code   RO          703    i.HAL_InitTick      stm32f1xx_hal_timebase_tim.o
    0x0800139c   0x0800139c   0x0000003c   Code   RO          645    i.HAL_MspInit       stm32f1xx_hal_msp.o
    0x080013d8   0x080013d8   0x00000060   Code   RO         3176    i.HAL_NVIC_EnableIRQ  stm32f1xx_hal_cortex.o
    0x08001438   0x08001438   0x000000a0   Code   RO         3182    i.HAL_NVIC_SetPriority  stm32f1xx_hal_cortex.o
    0x080014d8   0x080014d8   0x00000080   Code   RO         3183    i.HAL_NVIC_SetPriorityGrouping  stm32f1xx_hal_cortex.o
    0x08001558   0x08001558   0x00000274   Code   RO         2876    i.HAL_RCC_ClockConfig  stm32f1xx_hal_rcc.o
    0x080017cc   0x080017cc   0x00000094   Code   RO         2880    i.HAL_RCC_GetClockConfig  stm32f1xx_hal_rcc.o
    0x08001860   0x08001860   0x00000020   Code   RO         2883    i.HAL_RCC_GetPCLK1Freq  stm32f1xx_hal_rcc.o
    0x08001880   0x08001880   0x00000020   Code   RO         2884    i.HAL_RCC_GetPCLK2Freq  stm32f1xx_hal_rcc.o
    0x080018a0   0x080018a0   0x0000006c   Code   RO         2885    i.HAL_RCC_GetSysClockFreq  stm32f1xx_hal_rcc.o
    0x0800190c   0x0800190c   0x0000047a   Code   RO         2888    i.HAL_RCC_OscConfig  stm32f1xx_hal_rcc.o
    0x08001d86   0x08001d86   0x00000002   PAD
    0x08001d88   0x08001d88   0x00000188   Code   RO         1499    i.HAL_SPI_Init      stm32f1xx_hal_spi_ex.o
    0x08001f10   0x08001f10   0x00000070   Code   RO          647    i.HAL_SPI_MspInit   stm32f1xx_hal_msp.o
    0x08001f80   0x08001f80   0x00000220   Code   RO         1196    i.HAL_SPI_TransmitReceive  stm32f1xx_hal_spi.o
    0x080021a0   0x080021a0   0x00000002   Code   RO         2154    i.HAL_TIMEx_BreakCallback  stm32f1xx_hal_tim_ex.o
    0x080021a2   0x080021a2   0x00000002   Code   RO         2155    i.HAL_TIMEx_CommutationCallback  stm32f1xx_hal_tim_ex.o
    0x080021a4   0x080021a4   0x000000e0   Code   RO         1525    i.HAL_TIM_Base_Init  stm32f1xx_hal_tim.o
    0x08002284   0x08002284   0x00000002   Code   RO         1527    i.HAL_TIM_Base_MspInit  stm32f1xx_hal_tim.o
    0x08002286   0x08002286   0x00000002   PAD
    0x08002288   0x08002288   0x00000084   Code   RO         1530    i.HAL_TIM_Base_Start_IT  stm32f1xx_hal_tim.o
    0x0800230c   0x0800230c   0x00000002   Code   RO         1554    i.HAL_TIM_IC_CaptureCallback  stm32f1xx_hal_tim.o
    0x0800230e   0x0800230e   0x00000166   Code   RO         1567    i.HAL_TIM_IRQHandler  stm32f1xx_hal_tim.o
    0x08002474   0x08002474   0x00000002   Code   RO         1570    i.HAL_TIM_OC_DelayElapsedCallback  stm32f1xx_hal_tim.o
    0x08002476   0x08002476   0x00000002   Code   RO         1597    i.HAL_TIM_PWM_PulseFinishedCallback  stm32f1xx_hal_tim.o
    0x08002478   0x08002478   0x00000034   Code   RO          506    i.HAL_TIM_PeriodElapsedCallback  main.o
    0x080024ac   0x080024ac   0x00000002   Code   RO         1608    i.HAL_TIM_TriggerCallback  stm32f1xx_hal_tim.o
    0x080024ae   0x080024ae   0x00000002   PAD
    0x080024b0   0x080024b0   0x00000114   Code   RO         2412    i.HAL_UART_Init     stm32f1xx_hal_uart.o
    0x080025c4   0x080025c4   0x00000070   Code   RO          649    i.HAL_UART_MspInit  stm32f1xx_hal_msp.o
    0x08002634   0x08002634   0x000000ba   Code   RO         2420    i.HAL_UART_Transmit  stm32f1xx_hal_uart.o
    0x080026ee   0x080026ee   0x00000002   Code   RO          569    i.HardFault_Handler  stm32f1xx_it.o
    0x080026f0   0x080026f0   0x00000028   Code   RO          827    i.I2C_IsAcknowledgeFailed  stm32f1xx_hal_i2c.o
    0x08002718   0x08002718   0x000000a0   Code   RO          837    i.I2C_RequestMemoryWrite  stm32f1xx_hal_i2c.o
    0x080027b8   0x080027b8   0x0000004e   Code   RO          840    i.I2C_WaitOnBTFFlagUntilTimeout  stm32f1xx_hal_i2c.o
    0x08002806   0x08002806   0x00000060   Code   RO          841    i.I2C_WaitOnFlagUntilTimeout  stm32f1xx_hal_i2c.o
    0x08002866   0x08002866   0x00000002   PAD
    0x08002868   0x08002868   0x00000088   Code   RO          842    i.I2C_WaitOnMasterAddressFlagUntilTimeout  stm32f1xx_hal_i2c.o
    0x080028f0   0x080028f0   0x0000004e   Code   RO          844    i.I2C_WaitOnTXEFlagUntilTimeout  stm32f1xx_hal_i2c.o
    0x0800293e   0x0800293e   0x00000002   PAD
    0x08002940   0x08002940   0x000000fc   Code   RO          507    i.MX_GPIO_Init      main.o
    0x08002a3c   0x08002a3c   0x00000038   Code   RO          508    i.MX_SPI1_Init      main.o
    0x08002a74   0x08002a74   0x00000002   Code   RO          570    i.MemManage_Handler  stm32f1xx_it.o
    0x08002a76   0x08002a76   0x00000002   Code   RO          571    i.NMI_Handler       stm32f1xx_it.o
    0x08002a78   0x08002a78   0x00000020   Code   RO         3189    i.NVIC_SetPriority  stm32f1xx_hal_cortex.o
    0x08002a98   0x08002a98   0x00000002   Code   RO          572    i.PendSV_Handler    stm32f1xx_it.o
    0x08002a9a   0x08002a9a   0x00000020   Code   RO         1211    i.SPI_CheckFlag_BSY  stm32f1xx_hal_spi.o
    0x08002aba   0x08002aba   0x00000002   PAD
    0x08002abc   0x08002abc   0x00000020   Code   RO          221    i.SPI_TransferData  ads1220.o
    0x08002adc   0x08002adc   0x00000096   Code   RO         1230    i.SPI_WaitFlagStateUntilTimeout  stm32f1xx_hal_spi.o
    0x08002b72   0x08002b72   0x00000002   Code   RO          573    i.SVC_Handler       stm32f1xx_it.o
    0x08002b74   0x08002b74   0x0000001c   Code   RO          477    i.SampleFilter_init  samplefilter.o
    0x08002b90   0x08002b90   0x0000004e   Code   RO          509    i.SystemClock_Config  main.o
    0x08002bde   0x08002bde   0x00000002   PAD
    0x08002be0   0x08002be0   0x00000048   Code   RO         3615    i.SystemInit        system_stm32f1xx.o
    0x08002c28   0x08002c28   0x0000000c   Code   RO          574    i.TIM1_UP_IRQHandler  stm32f1xx_it.o
    0x08002c34   0x08002c34   0x0000006c   Code   RO         1609    i.TIM_Base_SetConfig  stm32f1xx_hal_tim.o
    0x08002ca0   0x08002ca0   0x00000208   Code   RO         2438    i.UART_SetConfig    stm32f1xx_hal_uart.o
    0x08002ea8   0x08002ea8   0x00000064   Code   RO         2440    i.UART_WaitOnFlagUntilTimeout  stm32f1xx_hal_uart.o
    0x08002f0c   0x08002f0c   0x00000002   Code   RO          575    i.UsageFault_Handler  stm32f1xx_it.o
    0x08002f0e   0x08002f0e   0x00000002   PAD
    0x08002f10   0x08002f10   0x00000020   Code   RO         3903    i.__0printf         mc_w.l(printfa.o)
    0x08002f30   0x08002f30   0x0000000e   Code   RO         4025    i.__scatterload_copy  mc_w.l(handlers.o)
    0x08002f3e   0x08002f3e   0x00000002   Code   RO         4026    i.__scatterload_null  mc_w.l(handlers.o)
    0x08002f40   0x08002f40   0x0000000e   Code   RO         4027    i.__scatterload_zeroinit  mc_w.l(handlers.o)
    0x08002f4e   0x08002f4e   0x00000002   PAD
    0x08002f50   0x08002f50   0x00000184   Code   RO         3910    i._fp_digits        mc_w.l(printfa.o)
    0x080030d4   0x080030d4   0x000006dc   Code   RO         3911    i._printf_core      mc_w.l(printfa.o)
    0x080037b0   0x080037b0   0x00000024   Code   RO         3912    i._printf_post_padding  mc_w.l(printfa.o)
    0x080037d4   0x080037d4   0x0000002e   Code   RO         3913    i._printf_pre_padding  mc_w.l(printfa.o)
    0x08003802   0x08003802   0x00000002   Code   RO          510    i.assert_failed     main.o
    0x08003804   0x08003804   0x00000018   Code   RO           13    i.fputc             main_activity.o
    0x0800381c   0x0800381c   0x00000050   Code   RO           15    i.get_adc           main_activity.o
    0x0800386c   0x0800386c   0x000001f4   Code   RO           16    i.init_system       main_activity.o
    0x08003a60   0x08003a60   0x00000034   Code   RO           18    i.led_blink         main_activity.o
    0x08003a94   0x08003a94   0x00000074   Code   RO          511    i.main              main.o
    0x08003b08   0x08003b08   0x00000012   Code   RO           19    i.main_activity     main_activity.o
    0x08003b1a   0x08003b1a   0x00000002   PAD
    0x08003b1c   0x08003b1c   0x0000002c   Code   RO          223    i.print_db          ads1220.o
    0x08003b48   0x08003b48   0x00000044   Code   RO          377    i.ssd1306_DrawPixel  ssd1306.o
    0x08003b8c   0x08003b8c   0x00000020   Code   RO          378    i.ssd1306_Fill      ssd1306.o
    0x08003bac   0x08003bac   0x000000c4   Code   RO          379    i.ssd1306_Init      ssd1306.o
    0x08003c70   0x08003c70   0x0000000c   Code   RO          380    i.ssd1306_SetCursor  ssd1306.o
    0x08003c7c   0x08003c7c   0x00000050   Code   RO          381    i.ssd1306_UpdateScreen  ssd1306.o
    0x08003ccc   0x08003ccc   0x0000009c   Code   RO          382    i.ssd1306_WriteChar  ssd1306.o
    0x08003d68   0x08003d68   0x00000024   Code   RO          383    i.ssd1306_WriteCommand  ssd1306.o
    0x08003d8c   0x08003d8c   0x0000002c   Code   RO          384    i.ssd1306_WriteString  ssd1306.o
    0x08003db8   0x08003db8   0x0000076c   Data   RO          348    .constdata          fonts.o
    0x08004524   0x08004524   0x00000010   Data   RO         3616    .constdata          system_stm32f1xx.o
    0x08004534   0x08004534   0x00000008   Data   RO         3617    .constdata          system_stm32f1xx.o
    0x0800453c   0x0800453c   0x00000020   Data   RO         4023    Region$$Table       anon$$obj.o


    Execution Region RW_IRAM1 (Exec base: 0x20000000, Load base: 0x0800455c, Size: 0x00000ee0, Max: 0x00005000, ABSOLUTE)

    Exec Addr    Load Addr    Size         Type   Attr      Idx    E Section Name        Object

    0x20000000   0x0800455c   0x00000010   Data   RW           24    .data               main_activity.o
    0x20000010   0x0800456c   0x0000000f   Data   RW          225    .data               ads1220.o
    0x2000001f   0x0800457b   0x00000001   PAD
    0x20000020   0x0800457c   0x00000008   Data   RW          351    .data               fonts.o
    0x20000028   0x08004584   0x00000006   Data   RW          392    .data               ssd1306.o
    0x2000002e   0x0800458a   0x00000002   PAD
    0x20000030   0x0800458c   0x00000004   Data   RW          513    .data               main.o
    0x20000034   0x08004590   0x0000000c   Data   RW         2736    .data               stm32f1xx_hal.o
    0x20000040   0x0800459c   0x00000004   Data   RW         3618    .data               system_stm32f1xx.o
    0x20000044   0x080045a0   0x00000004   Data   RW         3990    .data               mc_w.l(stdout.o)
    0x20000048        -       0x000000e0   Zero   RW           22    .bss                main_activity.o
    0x20000128        -       0x00000068   Zero   RW          224    .bss                ads1220.o
    0x20000190        -       0x00000420   Zero   RW          391    .bss                ssd1306.o
    0x200005b0        -       0x000000ec   Zero   RW          512    .bss                main.o
    0x2000069c        -       0x00000040   Zero   RW          706    .bss                stm32f1xx_hal_timebase_tim.o
    0x200006dc   0x080045a4   0x00000004   PAD
    0x200006e0        -       0x00000800   Zero   RW            1    STACK               startup_stm32f103xb.o


==============================================================================

Image component sizes


      Code (inc. data)   RO Data    RW Data    ZI Data      Debug   Object Name

       790        126          0         15        104       8480   ads1220.o
         0          0       1900          8          0       1094   fonts.o
       556         56          0          4        236       3922   main.o
       674        200          0         16        224     455624   main_activity.o
        28          0          0          0          0        900   samplefilter.o
       624         46          0          6       1056       5575   ssd1306.o
        36          8        236          0       2048        792   startup_stm32f103xb.o
       100         18          0         12          0       5178   stm32f1xx_hal.o
       416        196          0          0          0      25106   stm32f1xx_hal_cortex.o
      1092        304          0          0          0       4340   stm32f1xx_hal_gpio.o
      1544        154          0          0          0       9047   stm32f1xx_hal_i2c.o
       376         46          0          0          0       2829   stm32f1xx_hal_msp.o
      2094        272          0          0          0       5965   stm32f1xx_hal_rcc.o
       726         56          0          0          0       3570   stm32f1xx_hal_spi.o
       392         68          0          0          0       1123   stm32f1xx_hal_spi_ex.o
       832        150          0          0          0       6594   stm32f1xx_hal_tim.o
         4          0          0          0          0       1526   stm32f1xx_hal_tim_ex.o
       116         18          0          0         64       1363   stm32f1xx_hal_timebase_tim.o
      1082        142          0          0          0       3960   stm32f1xx_hal_uart.o
        28          6          0          0          0       3705   stm32f1xx_it.o
        72         16         24          4          0       1127   system_stm32f1xx.o

    ----------------------------------------------------------------------
     11602       1882       2192         68       3736     551820   Object Totals
         0          0         32          0          0          0   (incl. Generated)
        20          0          0          3          4          0   (incl. Padding)

    ----------------------------------------------------------------------

      Code (inc. data)   RO Data    RW Data    ZI Data      Debug   Library Member Name

         0          0          0          0          0          0   entry.o
         0          0          0          0          0          0   entry10a.o
         0          0          0          0          0          0   entry11a.o
         8          4          0          0          0          0   entry2.o
         4          0          0          0          0          0   entry5.o
         0          0          0          0          0          0   entry7b.o
         0          0          0          0          0          0   entry8b.o
         8          4          0          0          0          0   entry9a.o
        30          0          0          0          0          0   handlers.o
        36          8          0          0          0         68   init.o
         0          0          0          0          0          0   iusefp.o
        30          0          0          0          0         68   llshl.o
        36          0          0          0          0         68   llsshr.o
        32          0          0          0          0         68   llushr.o
        36          0          0          0          0         68   memcpya.o
        36          0          0          0          0        108   memseta.o
      2258         90          0          0          0        452   printfa.o
         0          0          0          4          0          0   stdout.o
        44          0          0          0          0         80   uidiv.o
        98          0          0          0          0         92   uldiv.o
        48          0          0          0          0         68   cdrcmple.o
        56          0          0          0          0         88   d2f.o
       334          0          0          0          0        148   dadd.o
       222          0          0          0          0        100   ddiv.o
       186          0          0          0          0        176   depilogue.o
        48          0          0          0          0         68   dfixul.o
        34          0          0          0          0         76   dflti.o
       228          0          0          0          0         96   dmul.o
        38          0          0          0          0         68   f2d.o
       110          0          0          0          0        168   fepilogue.o

    ----------------------------------------------------------------------
      3962        106          0          4          0       2128   Library Totals
         2          0          0          0          0          0   (incl. Padding)

    ----------------------------------------------------------------------

      Code (inc. data)   RO Data    RW Data    ZI Data      Debug   Library Name

      2656        106          0          4          0       1072   mc_w.l
      1304          0          0          0          0       1056   mf_w.l

    ----------------------------------------------------------------------
      3962        106          0          4          0       2128   Library Totals

    ----------------------------------------------------------------------

==============================================================================


      Code (inc. data)   RO Data    RW Data    ZI Data      Debug   

     15564       1988       2192         72       3736     548380   Grand Totals
     15564       1988       2192         72       3736     548380   ELF Image Totals
     15564       1988       2192         72          0          0   ROM Totals

==============================================================================

    Total RO  Size (Code + RO Data)                17756 (  17.34kB)
    Total RW  Size (RW Data + ZI Data)              3808 (   3.72kB)
    Total ROM Size (Code + RO Data + RW Data)      17828 (  17.41kB)

==============================================================================

